01:39:09 **** Build of project Advanced_Taffic_light_bsp ****
make -k all 
"Running Make include in microblaze_0/libsrc/bram_v4_0/src"
make -C microblaze_0/libsrc/bram_v4_0/src -s include  "SHELL=CMD" "COMPILER=mb-gcc" "ARCHIVER=mb-ar" "COMPILER_FLAGS= -O2 -c -mcpu=v9.5 -mlittle-endian -mxl-soft-mul" "EXTRA_COMPILER_FLAGS=-g"
"Running Make include in microblaze_0/libsrc/cpu_v2_3/src"
make -C microblaze_0/libsrc/cpu_v2_3/src -s include  "SHELL=CMD" "COMPILER=mb-gcc" "ARCHIVER=mb-ar" "COMPILER_FLAGS= -O2 -c -mcpu=v9.5 -mlittle-endian -mxl-soft-mul" "EXTRA_COMPILER_FLAGS=-g"
"Running Make include in microblaze_0/libsrc/gpio_v4_0/src"
make -C microblaze_0/libsrc/gpio_v4_0/src -s include  "SHELL=CMD" "COMPILER=mb-gcc" "ARCHIVER=mb-ar" "COMPILER_FLAGS= -O2 -c -mcpu=v9.5 -mlittle-endian -mxl-soft-mul" "EXTRA_COMPILER_FLAGS=-g"
"Running Make include in microblaze_0/libsrc/intc_v3_3/src"
make -C microblaze_0/libsrc/intc_v3_3/src -s include  "SHELL=CMD" "COMPILER=mb-gcc" "ARCHIVER=mb-ar" "COMPILER_FLAGS= -O2 -c -mcpu=v9.5 -mlittle-endian -mxl-soft-mul" "EXTRA_COMPILER_FLAGS=-g"
"Running Make include in microblaze_0/libsrc/standalone_v5_1/src"
make -C microblaze_0/libsrc/standalone_v5_1/src -s include  "SHELL=CMD" "COMPILER=mb-gcc" "ARCHIVER=mb-ar" "COMPILER_FLAGS= -O2 -c -mcpu=v9.5 -mlittle-endian -mxl-soft-mul" "EXTRA_COMPILER_FLAGS=-g"
"Running Make include in microblaze_0/libsrc/uartlite_v3_0/src"
make -C microblaze_0/libsrc/uartlite_v3_0/src -s include  "SHELL=CMD" "COMPILER=mb-gcc" "ARCHIVER=mb-ar" "COMPILER_FLAGS= -O2 -c -mcpu=v9.5 -mlittle-endian -mxl-soft-mul" "EXTRA_COMPILER_FLAGS=-g"
"Running Make libs in microblaze_0/libsrc/bram_v4_0/src"
make -C microblaze_0/libsrc/bram_v4_0/src -s libs  "SHELL=CMD" "COMPILER=mb-gcc" "ARCHIVER=mb-ar" "COMPILER_FLAGS= -O2 -c -mcpu=v9.5 -mlittle-endian -mxl-soft-mul" "EXTRA_COMPILER_FLAGS=-g"
"Compiling bram"
mb-ar: creating ../../../lib/libxil.a
"Running Make libs in microblaze_0/libsrc/cpu_v2_3/src"
make -C microblaze_0/libsrc/cpu_v2_3/src -s libs  "SHELL=CMD" "COMPILER=mb-gcc" "ARCHIVER=mb-ar" "COMPILER_FLAGS= -O2 -c -mcpu=v9.5 -mlittle-endian -mxl-soft-mul" "EXTRA_COMPILER_FLAGS=-g"
"Compiling cpu"
"Running Make libs in microblaze_0/libsrc/gpio_v4_0/src"
make -C microblaze_0/libsrc/gpio_v4_0/src -s libs  "SHELL=CMD" "COMPILER=mb-gcc" "ARCHIVER=mb-ar" "COMPILER_FLAGS= -O2 -c -mcpu=v9.5 -mlittle-endian -mxl-soft-mul" "EXTRA_COMPILER_FLAGS=-g"
"Compiling gpio"
"Running Make libs in microblaze_0/libsrc/intc_v3_3/src"
make -C microblaze_0/libsrc/intc_v3_3/src -s libs  "SHELL=CMD" "COMPILER=mb-gcc" "ARCHIVER=mb-ar" "COMPILER_FLAGS= -O2 -c -mcpu=v9.5 -mlittle-endian -mxl-soft-mul" "EXTRA_COMPILER_FLAGS=-g"
"Compiling intc"
"Running Make libs in microblaze_0/libsrc/standalone_v5_1/src"
make -C microblaze_0/libsrc/standalone_v5_1/src -s libs  "SHELL=CMD" "COMPILER=mb-gcc" "ARCHIVER=mb-ar" "COMPILER_FLAGS= -O2 -c -mcpu=v9.5 -mlittle-endian -mxl-soft-mul" "EXTRA_COMPILER_FLAGS=-g"
"Compiling standalone";
"Running Make libs in microblaze_0/libsrc/uartlite_v3_0/src"
make -C microblaze_0/libsrc/uartlite_v3_0/src -s libs  "SHELL=CMD" "COMPILER=mb-gcc" "ARCHIVER=mb-ar" "COMPILER_FLAGS= -O2 -c -mcpu=v9.5 -mlittle-endian -mxl-soft-mul" "EXTRA_COMPILER_FLAGS=-g"
"Compiling uartlite"
'Finished building libraries'
01:41:33 **** Build of configuration Debug for project Advanced_Taffic_light ****
make all 
'Building file: ../src/helloworld.c'
'Invoking: MicroBlaze gcc compiler'
mb-gcc -Wall -O0 -g3 -c -fmessage-length=0 -MT"src/helloworld.o" -I../../Advanced_Taffic_light_bsp/microblaze_0/include -mlittle-endian -mcpu=v9.5 -mxl-soft-mul -Wl,--no-relax -MMD -MP -MF"src/helloworld.d" -MT"src/helloworld.d" -o "src/helloworld.o" "../src/helloworld.c"
'Finished building: ../src/helloworld.c'
' '
'Building file: ../src/platform.c'
'Invoking: MicroBlaze gcc compiler'
mb-gcc -Wall -O0 -g3 -c -fmessage-length=0 -MT"src/platform.o" -I../../Advanced_Taffic_light_bsp/microblaze_0/include -mlittle-endian -mcpu=v9.5 -mxl-soft-mul -Wl,--no-relax -MMD -MP -MF"src/platform.d" -MT"src/platform.d" -o "src/platform.o" "../src/platform.c"
'Finished building: ../src/platform.c'
' '
'Building target: Advanced_Taffic_light.elf'
'Invoking: MicroBlaze gcc linker'
mb-gcc -Wl,-T -Wl,../src/lscript.ld -L../../Advanced_Taffic_light_bsp/microblaze_0/lib -mlittle-endian -mcpu=v9.5 -mxl-soft-mul -Wl,--no-relax -o "Advanced_Taffic_light.elf"  ./src/helloworld.o ./src/platform.o   -Wl,--start-group,-lxil,-lgcc,-lc,--end-group
'Finished building target: Advanced_Taffic_light.elf'
' '
'Invoking: MicroBlaze Print Size'
mb-size Advanced_Taffic_light.elf  |tee "Advanced_Taffic_light.elf.size"
   text	   data	    bss	    dec	    hex	filename
   8116	    328	   2228	  10672	   29b0	Advanced_Taffic_light.elf
'Finished building: Advanced_Taffic_light.elf.size'
' '
01:42:04 **** Clean-only build of configuration Debug for project Advanced_Taffic_light ****
make clean 
rm -rf  ./src/helloworld.o ./src/platform.o  ./src/helloworld.d ./src/platform.d  Advanced_Taffic_light.elf.size  Advanced_Taffic_light.elf
' '

****  of configuration Debug for project Advanced_Taffic_light ****

Nothing to build for project Advanced_Taffic_light
01:42:07 **** Auto Build of configuration Debug for project Advanced_Taffic_light ****
make all 
'Building file: ../src/Interface.c'
'Invoking: MicroBlaze gcc compiler'
mb-gcc -Wall -O0 -g3 -c -fmessage-length=0 -MT"src/Interface.o" -I../../Advanced_Taffic_light_bsp/microblaze_0/include -mlittle-endian -mcpu=v9.5 -mxl-soft-mul -Wl,--no-relax -MMD -MP -MF"src/Interface.d" -MT"src/Interface.d" -o "src/Interface.o" "../src/Interface.c"
'Finished building: ../src/Interface.c'
' '
'Building file: ../src/control.c'
'Invoking: MicroBlaze gcc compiler'
mb-gcc -Wall -O0 -g3 -c -fmessage-length=0 -MT"src/control.o" -I../../Advanced_Taffic_light_bsp/microblaze_0/include -mlittle-endian -mcpu=v9.5 -mxl-soft-mul -Wl,--no-relax -MMD -MP -MF"src/control.d" -MT"src/control.d" -o "src/control.o" "../src/control.c"
'Finished building: ../src/control.c'
' '
'Building file: ../src/extra.c'
'Invoking: MicroBlaze gcc compiler'
mb-gcc -Wall -O0 -g3 -c -fmessage-length=0 -MT"src/extra.o" -I../../Advanced_Taffic_light_bsp/microblaze_0/include -mlittle-endian -mcpu=v9.5 -mxl-soft-mul -Wl,--no-relax -MMD -MP -MF"src/extra.d" -MT"src/extra.d" -o "src/extra.o" "../src/extra.c"
'Finished building: ../src/extra.c'
' '
'Building file: ../src/gpio_init.c'
'Invoking: MicroBlaze gcc compiler'
mb-gcc -Wall -O0 -g3 -c -fmessage-length=0 -MT"src/gpio_init.o" -I../../Advanced_Taffic_light_bsp/microblaze_0/include -mlittle-endian -mcpu=v9.5 -mxl-soft-mul -Wl,--no-relax -MMD -MP -MF"src/gpio_init.d" -MT"src/gpio_init.d" -o "src/gpio_init.o" "../src/gpio_init.c"
../src/gpio_init.c: In function 'initGpio':
../src/gpio_init.c:17:5: warning: 'status' is used uninitialized in this function [-Wuninitialized]
  if (status != XST_SUCCESS)
     ^
'Finished building: ../src/gpio_init.c'
' '
'Building file: ../src/main.c'
'Invoking: MicroBlaze gcc compiler'
mb-gcc -Wall -O0 -g3 -c -fmessage-length=0 -MT"src/main.o" -I../../Advanced_Taffic_light_bsp/microblaze_0/include -mlittle-endian -mcpu=v9.5 -mxl-soft-mul -Wl,--no-relax -MMD -MP -MF"src/main.d" -MT"src/main.d" -o "src/main.o" "../src/main.c"
'Finished building: ../src/main.c'
' '
'Building file: ../src/platform.c'
'Invoking: MicroBlaze gcc compiler'
mb-gcc -Wall -O0 -g3 -c -fmessage-length=0 -MT"src/platform.o" -I../../Advanced_Taffic_light_bsp/microblaze_0/include -mlittle-endian -mcpu=v9.5 -mxl-soft-mul -Wl,--no-relax -MMD -MP -MF"src/platform.d" -MT"src/platform.d" -o "src/platform.o" "../src/platform.c"
'Finished building: ../src/platform.c'
' '
'Building file: ../src/seg7_display.c'
'Invoking: MicroBlaze gcc compiler'
mb-gcc -Wall -O0 -g3 -c -fmessage-length=0 -MT"src/seg7_display.o" -I../../Advanced_Taffic_light_bsp/microblaze_0/include -mlittle-endian -mcpu=v9.5 -mxl-soft-mul -Wl,--no-relax -MMD -MP -MF"src/seg7_display.d" -MT"src/seg7_display.d" -o "src/seg7_display.o" "../src/seg7_display.c"
'Finished building: ../src/seg7_display.c'
' '
'Building file: ../src/timer_interrupt_func.c'
'Invoking: MicroBlaze gcc compiler'
mb-gcc -Wall -O0 -g3 -c -fmessage-length=0 -MT"src/timer_interrupt_func.o" -I../../Advanced_Taffic_light_bsp/microblaze_0/include -mlittle-endian -mcpu=v9.5 -mxl-soft-mul -Wl,--no-relax -MMD -MP -MF"src/timer_interrupt_func.d" -MT"src/timer_interrupt_func.d" -o "src/timer_interrupt_func.o" "../src/timer_interrupt_func.c"
'Finished building: ../src/timer_interrupt_func.c'
' '
'Building file: ../src/xinterruptES3.c'
'Invoking: MicroBlaze gcc compiler'
mb-gcc -Wall -O0 -g3 -c -fmessage-length=0 -MT"src/xinterruptES3.o" -I../../Advanced_Taffic_light_bsp/microblaze_0/include -mlittle-endian -mcpu=v9.5 -mxl-soft-mul -Wl,--no-relax -MMD -MP -MF"src/xinterruptES3.d" -MT"src/xinterruptES3.d" -o "src/xinterruptES3.o" "../src/xinterruptES3.c"
'Finished building: ../src/xinterruptES3.c'
' '
'Building target: Advanced_Taffic_light.elf'
'Invoking: MicroBlaze gcc linker'
mb-gcc -Wl,-T -Wl,../src/lscript.ld -L../../Advanced_Taffic_light_bsp/microblaze_0/lib -mlittle-endian -mcpu=v9.5 -mxl-soft-mul -Wl,--no-relax -o "Advanced_Taffic_light.elf"  ./src/Interface.o ./src/control.o ./src/extra.o ./src/gpio_init.o ./src/main.o ./src/platform.o ./src/seg7_display.o ./src/timer_interrupt_func.o ./src/xinterruptES3.o   -Wl,--start-group,-lxil,-lgcc,-lc,--end-group
'Finished building target: Advanced_Taffic_light.elf'
' '
'Invoking: MicroBlaze Print Size'
mb-size Advanced_Taffic_light.elf  |tee "Advanced_Taffic_light.elf.size"
   text	   data	    bss	    dec	    hex	filename
  26664	    688	   2768	  30120	   75a8	Advanced_Taffic_light.elf
'Finished building: Advanced_Taffic_light.elf.size'
' '
01:43:07 **** Auto Build of configuration Debug for project Advanced_Taffic_light ****
make all 
'Building file: ../src/main.c'
'Invoking: MicroBlaze gcc compiler'
mb-gcc -Wall -O0 -g3 -c -fmessage-length=0 -MT"src/main.o" -I../../Advanced_Taffic_light_bsp/microblaze_0/include -mlittle-endian -mcpu=v9.5 -mxl-soft-mul -Wl,--no-relax -MMD -MP -MF"src/main.d" -MT"src/main.d" -o "src/main.o" "../src/main.c"
'Finished building: ../src/main.c'
' '
'Building target: Advanced_Taffic_light.elf'
'Invoking: MicroBlaze gcc linker'
mb-gcc -Wl,-T -Wl,../src/lscript.ld -L../../Advanced_Taffic_light_bsp/microblaze_0/lib -mlittle-endian -mcpu=v9.5 -mxl-soft-mul -Wl,--no-relax -o "Advanced_Taffic_light.elf"  ./src/Interface.o ./src/control.o ./src/extra.o ./src/gpio_init.o ./src/main.o ./src/platform.o ./src/seg7_display.o ./src/timer_interrupt_func.o ./src/xinterruptES3.o   -Wl,--start-group,-lxil,-lgcc,-lc,--end-group
'Finished building target: Advanced_Taffic_light.elf'
' '
'Invoking: MicroBlaze Print Size'
mb-size Advanced_Taffic_light.elf  |tee "Advanced_Taffic_light.elf.size"
   text	   data	    bss	    dec	    hex	filename
  26664	    688	   2768	  30120	   75a8	Advanced_Taffic_light.elf
'Finished building: Advanced_Taffic_light.elf.size'
' '
01:43:42 **** Incremental Build of configuration Debug for project Advanced_Taffic_light ****
make all 
make: Nothing to be done for `all'.
02:00:07 **** Auto Build of configuration Debug for project Advanced_Taffic_light ****
make all 
'Building file: ../src/extra.c'
'Invoking: MicroBlaze gcc compiler'
mb-gcc -Wall -O0 -g3 -c -fmessage-length=0 -MT"src/extra.o" -I../../Advanced_Taffic_light_bsp/microblaze_0/include -mlittle-endian -mcpu=v9.5 -mxl-soft-mul -Wl,--no-relax -MMD -MP -MF"src/extra.d" -MT"src/extra.d" -o "src/extra.o" "../src/extra.c"
'Finished building: ../src/extra.c'
' '
'Building target: Advanced_Taffic_light.elf'
'Invoking: MicroBlaze gcc linker'
mb-gcc -Wl,-T -Wl,../src/lscript.ld -L../../Advanced_Taffic_light_bsp/microblaze_0/lib -mlittle-endian -mcpu=v9.5 -mxl-soft-mul -Wl,--no-relax -o "Advanced_Taffic_light.elf"  ./src/Interface.o ./src/control.o ./src/extra.o ./src/gpio_init.o ./src/main.o ./src/platform.o ./src/seg7_display.o ./src/timer_interrupt_func.o ./src/xinterruptES3.o   -Wl,--start-group,-lxil,-lgcc,-lc,--end-group
'Finished building target: Advanced_Taffic_light.elf'
' '
'Invoking: MicroBlaze Print Size'
mb-size Advanced_Taffic_light.elf  |tee "Advanced_Taffic_light.elf.size"
   text	   data	    bss	    dec	    hex	filename
  26664	    688	   2768	  30120	   75a8	Advanced_Taffic_light.elf
'Finished building: Advanced_Taffic_light.elf.size'
' '
02:00:22 **** Incremental Build of configuration Debug for project Advanced_Taffic_light ****
make all 
make: Nothing to be done for `all'.
02:00:33 **** Incremental Build of configuration Debug for project Advanced_Taffic_light ****
make all 
make: Nothing to be done for `all'.
11:39:56 **** Auto Build of project Advanced_Taffic_light_bsp ****
make -k all 
Running Make include in microblaze_0/libsrc/standalone_v5_1/src
make -C microblaze_0/libsrc/standalone_v5_1/src -s include  "SHELL=/bin/sh" "COMPILER=mb-gcc" "ARCHIVER=mb-ar" "COMPILER_FLAGS= -O2 -c -mcpu=v9.5 -mlittle-endian -mxl-soft-mul" "EXTRA_COMPILER_FLAGS=-g"
Running Make include in microblaze_0/libsrc/bram_v4_0/src
make -C microblaze_0/libsrc/bram_v4_0/src -s include  "SHELL=/bin/sh" "COMPILER=mb-gcc" "ARCHIVER=mb-ar" "COMPILER_FLAGS= -O2 -c -mcpu=v9.5 -mlittle-endian -mxl-soft-mul" "EXTRA_COMPILER_FLAGS=-g"
Running Make include in microblaze_0/libsrc/cpu_v2_3/src
make -C microblaze_0/libsrc/cpu_v2_3/src -s include  "SHELL=/bin/sh" "COMPILER=mb-gcc" "ARCHIVER=mb-ar" "COMPILER_FLAGS= -O2 -c -mcpu=v9.5 -mlittle-endian -mxl-soft-mul" "EXTRA_COMPILER_FLAGS=-g"
Running Make include in microblaze_0/libsrc/uartlite_v3_0/src
make -C microblaze_0/libsrc/uartlite_v3_0/src -s include  "SHELL=/bin/sh" "COMPILER=mb-gcc" "ARCHIVER=mb-ar" "COMPILER_FLAGS= -O2 -c -mcpu=v9.5 -mlittle-endian -mxl-soft-mul" "EXTRA_COMPILER_FLAGS=-g"
Running Make include in microblaze_0/libsrc/intc_v3_3/src
make -C microblaze_0/libsrc/intc_v3_3/src -s include  "SHELL=/bin/sh" "COMPILER=mb-gcc" "ARCHIVER=mb-ar" "COMPILER_FLAGS= -O2 -c -mcpu=v9.5 -mlittle-endian -mxl-soft-mul" "EXTRA_COMPILER_FLAGS=-g"
Running Make include in microblaze_0/libsrc/gpio_v4_0/src
make -C microblaze_0/libsrc/gpio_v4_0/src -s include  "SHELL=/bin/sh" "COMPILER=mb-gcc" "ARCHIVER=mb-ar" "COMPILER_FLAGS= -O2 -c -mcpu=v9.5 -mlittle-endian -mxl-soft-mul" "EXTRA_COMPILER_FLAGS=-g"
Running Make libs in microblaze_0/libsrc/standalone_v5_1/src
make -C microblaze_0/libsrc/standalone_v5_1/src -s libs  "SHELL=/bin/sh" "COMPILER=mb-gcc" "ARCHIVER=mb-ar" "COMPILER_FLAGS= -O2 -c -mcpu=v9.5 -mlittle-endian -mxl-soft-mul" "EXTRA_COMPILER_FLAGS=-g"
Compiling standalone
Running Make libs in microblaze_0/libsrc/bram_v4_0/src
make -C microblaze_0/libsrc/bram_v4_0/src -s libs  "SHELL=/bin/sh" "COMPILER=mb-gcc" "ARCHIVER=mb-ar" "COMPILER_FLAGS= -O2 -c -mcpu=v9.5 -mlittle-endian -mxl-soft-mul" "EXTRA_COMPILER_FLAGS=-g"
Compiling bram
Running Make libs in microblaze_0/libsrc/cpu_v2_3/src
make -C microblaze_0/libsrc/cpu_v2_3/src -s libs  "SHELL=/bin/sh" "COMPILER=mb-gcc" "ARCHIVER=mb-ar" "COMPILER_FLAGS= -O2 -c -mcpu=v9.5 -mlittle-endian -mxl-soft-mul" "EXTRA_COMPILER_FLAGS=-g"
Compiling cpu
Running Make libs in microblaze_0/libsrc/uartlite_v3_0/src
make -C microblaze_0/libsrc/uartlite_v3_0/src -s libs  "SHELL=/bin/sh" "COMPILER=mb-gcc" "ARCHIVER=mb-ar" "COMPILER_FLAGS= -O2 -c -mcpu=v9.5 -mlittle-endian -mxl-soft-mul" "EXTRA_COMPILER_FLAGS=-g"
Compiling uartlite
Running Make libs in microblaze_0/libsrc/intc_v3_3/src
make -C microblaze_0/libsrc/intc_v3_3/src -s libs  "SHELL=/bin/sh" "COMPILER=mb-gcc" "ARCHIVER=mb-ar" "COMPILER_FLAGS= -O2 -c -mcpu=v9.5 -mlittle-endian -mxl-soft-mul" "EXTRA_COMPILER_FLAGS=-g"
Compiling intc
Running Make libs in microblaze_0/libsrc/gpio_v4_0/src
make -C microblaze_0/libsrc/gpio_v4_0/src -s libs  "SHELL=/bin/sh" "COMPILER=mb-gcc" "ARCHIVER=mb-ar" "COMPILER_FLAGS= -O2 -c -mcpu=v9.5 -mlittle-endian -mxl-soft-mul" "EXTRA_COMPILER_FLAGS=-g"
Compiling gpio
Finished building libraries
11:39:59 **** Auto Build of configuration Debug for project Advanced_Taffic_light ****
make all 
Building file: ../src/Interface.c
Invoking: MicroBlaze gcc compiler
mb-gcc -Wall -O0 -g3 -c -fmessage-length=0 -MT"src/Interface.o" -I../../Advanced_Taffic_light_bsp/microblaze_0/include -mlittle-endian -mcpu=v9.5 -mxl-soft-mul -Wl,--no-relax -MMD -MP -MF"src/Interface.d" -MT"src/Interface.d" -o "src/Interface.o" "../src/Interface.c"
Finished building: ../src/Interface.c
 
Building file: ../src/control.c
Invoking: MicroBlaze gcc compiler
mb-gcc -Wall -O0 -g3 -c -fmessage-length=0 -MT"src/control.o" -I../../Advanced_Taffic_light_bsp/microblaze_0/include -mlittle-endian -mcpu=v9.5 -mxl-soft-mul -Wl,--no-relax -MMD -MP -MF"src/control.d" -MT"src/control.d" -o "src/control.o" "../src/control.c"
Finished building: ../src/control.c
 
Building file: ../src/extra.c
Invoking: MicroBlaze gcc compiler
mb-gcc -Wall -O0 -g3 -c -fmessage-length=0 -MT"src/extra.o" -I../../Advanced_Taffic_light_bsp/microblaze_0/include -mlittle-endian -mcpu=v9.5 -mxl-soft-mul -Wl,--no-relax -MMD -MP -MF"src/extra.d" -MT"src/extra.d" -o "src/extra.o" "../src/extra.c"
Finished building: ../src/extra.c
 
Building file: ../src/gpio_init.c
Invoking: MicroBlaze gcc compiler
mb-gcc -Wall -O0 -g3 -c -fmessage-length=0 -MT"src/gpio_init.o" -I../../Advanced_Taffic_light_bsp/microblaze_0/include -mlittle-endian -mcpu=v9.5 -mxl-soft-mul -Wl,--no-relax -MMD -MP -MF"src/gpio_init.d" -MT"src/gpio_init.d" -o "src/gpio_init.o" "../src/gpio_init.c"
../src/gpio_init.c: In function 'initGpio':
../src/gpio_init.c:17:5: warning: 'status' is used uninitialized in this function [-Wuninitialized]
  if (status != XST_SUCCESS)
     ^
Finished building: ../src/gpio_init.c
 
Building file: ../src/main.c
Invoking: MicroBlaze gcc compiler
mb-gcc -Wall -O0 -g3 -c -fmessage-length=0 -MT"src/main.o" -I../../Advanced_Taffic_light_bsp/microblaze_0/include -mlittle-endian -mcpu=v9.5 -mxl-soft-mul -Wl,--no-relax -MMD -MP -MF"src/main.d" -MT"src/main.d" -o "src/main.o" "../src/main.c"
Finished building: ../src/main.c
 
Building file: ../src/platform.c
Invoking: MicroBlaze gcc compiler
mb-gcc -Wall -O0 -g3 -c -fmessage-length=0 -MT"src/platform.o" -I../../Advanced_Taffic_light_bsp/microblaze_0/include -mlittle-endian -mcpu=v9.5 -mxl-soft-mul -Wl,--no-relax -MMD -MP -MF"src/platform.d" -MT"src/platform.d" -o "src/platform.o" "../src/platform.c"
Finished building: ../src/platform.c
 
Building file: ../src/seg7_display.c
Invoking: MicroBlaze gcc compiler
mb-gcc -Wall -O0 -g3 -c -fmessage-length=0 -MT"src/seg7_display.o" -I../../Advanced_Taffic_light_bsp/microblaze_0/include -mlittle-endian -mcpu=v9.5 -mxl-soft-mul -Wl,--no-relax -MMD -MP -MF"src/seg7_display.d" -MT"src/seg7_display.d" -o "src/seg7_display.o" "../src/seg7_display.c"
Finished building: ../src/seg7_display.c
 
Building file: ../src/timer_interrupt_func.c
Invoking: MicroBlaze gcc compiler
mb-gcc -Wall -O0 -g3 -c -fmessage-length=0 -MT"src/timer_interrupt_func.o" -I../../Advanced_Taffic_light_bsp/microblaze_0/include -mlittle-endian -mcpu=v9.5 -mxl-soft-mul -Wl,--no-relax -MMD -MP -MF"src/timer_interrupt_func.d" -MT"src/timer_interrupt_func.d" -o "src/timer_interrupt_func.o" "../src/timer_interrupt_func.c"
Finished building: ../src/timer_interrupt_func.c
 
Building file: ../src/xinterruptES3.c
Invoking: MicroBlaze gcc compiler
mb-gcc -Wall -O0 -g3 -c -fmessage-length=0 -MT"src/xinterruptES3.o" -I../../Advanced_Taffic_light_bsp/microblaze_0/include -mlittle-endian -mcpu=v9.5 -mxl-soft-mul -Wl,--no-relax -MMD -MP -MF"src/xinterruptES3.d" -MT"src/xinterruptES3.d" -o "src/xinterruptES3.o" "../src/xinterruptES3.c"
Finished building: ../src/xinterruptES3.c
 
Building target: Advanced_Taffic_light.elf
Invoking: MicroBlaze gcc linker
mb-gcc -Wl,-T -Wl,../src/lscript.ld -L../../Advanced_Taffic_light_bsp/microblaze_0/lib -mlittle-endian -mcpu=v9.5 -mxl-soft-mul -Wl,--no-relax -o "Advanced_Taffic_light.elf"  ./src/Interface.o ./src/control.o ./src/extra.o ./src/gpio_init.o ./src/main.o ./src/platform.o ./src/seg7_display.o ./src/timer_interrupt_func.o ./src/xinterruptES3.o   -Wl,--start-group,-lxil,-lgcc,-lc,--end-group
Finished building target: Advanced_Taffic_light.elf
 
Invoking: MicroBlaze Print Size
mb-size Advanced_Taffic_light.elf  |tee "Advanced_Taffic_light.elf.size"
   text	   data	    bss	    dec	    hex	filename
  26664	    688	   2768	  30120	   75a8	Advanced_Taffic_light.elf
Finished building: Advanced_Taffic_light.elf.size
 
14:19:13 **** Build of project Advanced_Taffic_light_bsp ****
make -k all 
Running Make include in microblaze_0/libsrc/standalone_v5_1/src
make -C microblaze_0/libsrc/standalone_v5_1/src -s include  "SHELL=/bin/sh" "COMPILER=mb-gcc" "ARCHIVER=mb-ar" "COMPILER_FLAGS= -O2 -c -mcpu=v9.5 -mlittle-endian -mxl-soft-mul" "EXTRA_COMPILER_FLAGS=-g"
Running Make include in microblaze_0/libsrc/bram_v4_0/src
make -C microblaze_0/libsrc/bram_v4_0/src -s include  "SHELL=/bin/sh" "COMPILER=mb-gcc" "ARCHIVER=mb-ar" "COMPILER_FLAGS= -O2 -c -mcpu=v9.5 -mlittle-endian -mxl-soft-mul" "EXTRA_COMPILER_FLAGS=-g"
Running Make include in microblaze_0/libsrc/cpu_v2_3/src
make -C microblaze_0/libsrc/cpu_v2_3/src -s include  "SHELL=/bin/sh" "COMPILER=mb-gcc" "ARCHIVER=mb-ar" "COMPILER_FLAGS= -O2 -c -mcpu=v9.5 -mlittle-endian -mxl-soft-mul" "EXTRA_COMPILER_FLAGS=-g"
Running Make include in microblaze_0/libsrc/uartlite_v3_0/src
make -C microblaze_0/libsrc/uartlite_v3_0/src -s include  "SHELL=/bin/sh" "COMPILER=mb-gcc" "ARCHIVER=mb-ar" "COMPILER_FLAGS= -O2 -c -mcpu=v9.5 -mlittle-endian -mxl-soft-mul" "EXTRA_COMPILER_FLAGS=-g"
Running Make include in microblaze_0/libsrc/intc_v3_3/src
make -C microblaze_0/libsrc/intc_v3_3/src -s include  "SHELL=/bin/sh" "COMPILER=mb-gcc" "ARCHIVER=mb-ar" "COMPILER_FLAGS= -O2 -c -mcpu=v9.5 -mlittle-endian -mxl-soft-mul" "EXTRA_COMPILER_FLAGS=-g"
Running Make include in microblaze_0/libsrc/gpio_v4_0/src
make -C microblaze_0/libsrc/gpio_v4_0/src -s include  "SHELL=/bin/sh" "COMPILER=mb-gcc" "ARCHIVER=mb-ar" "COMPILER_FLAGS= -O2 -c -mcpu=v9.5 -mlittle-endian -mxl-soft-mul" "EXTRA_COMPILER_FLAGS=-g"
Running Make libs in microblaze_0/libsrc/standalone_v5_1/src
make -C microblaze_0/libsrc/standalone_v5_1/src -s libs  "SHELL=/bin/sh" "COMPILER=mb-gcc" "ARCHIVER=mb-ar" "COMPILER_FLAGS= -O2 -c -mcpu=v9.5 -mlittle-endian -mxl-soft-mul" "EXTRA_COMPILER_FLAGS=-g"
Compiling standalone
Running Make libs in microblaze_0/libsrc/bram_v4_0/src
make -C microblaze_0/libsrc/bram_v4_0/src -s libs  "SHELL=/bin/sh" "COMPILER=mb-gcc" "ARCHIVER=mb-ar" "COMPILER_FLAGS= -O2 -c -mcpu=v9.5 -mlittle-endian -mxl-soft-mul" "EXTRA_COMPILER_FLAGS=-g"
Compiling bram
Running Make libs in microblaze_0/libsrc/cpu_v2_3/src
make -C microblaze_0/libsrc/cpu_v2_3/src -s libs  "SHELL=/bin/sh" "COMPILER=mb-gcc" "ARCHIVER=mb-ar" "COMPILER_FLAGS= -O2 -c -mcpu=v9.5 -mlittle-endian -mxl-soft-mul" "EXTRA_COMPILER_FLAGS=-g"
Compiling cpu
Running Make libs in microblaze_0/libsrc/uartlite_v3_0/src
make -C microblaze_0/libsrc/uartlite_v3_0/src -s libs  "SHELL=/bin/sh" "COMPILER=mb-gcc" "ARCHIVER=mb-ar" "COMPILER_FLAGS= -O2 -c -mcpu=v9.5 -mlittle-endian -mxl-soft-mul" "EXTRA_COMPILER_FLAGS=-g"
Compiling uartlite
Running Make libs in microblaze_0/libsrc/intc_v3_3/src
make -C microblaze_0/libsrc/intc_v3_3/src -s libs  "SHELL=/bin/sh" "COMPILER=mb-gcc" "ARCHIVER=mb-ar" "COMPILER_FLAGS= -O2 -c -mcpu=v9.5 -mlittle-endian -mxl-soft-mul" "EXTRA_COMPILER_FLAGS=-g"
Compiling intc
Running Make libs in microblaze_0/libsrc/gpio_v4_0/src
make -C microblaze_0/libsrc/gpio_v4_0/src -s libs  "SHELL=/bin/sh" "COMPILER=mb-gcc" "ARCHIVER=mb-ar" "COMPILER_FLAGS= -O2 -c -mcpu=v9.5 -mlittle-endian -mxl-soft-mul" "EXTRA_COMPILER_FLAGS=-g"
Compiling gpio
Finished building libraries
14:19:17 **** Build of configuration Debug for project Advanced_Taffic_light ****
make all 
make: Warning: File `objects.mk' has modification time 0.013 s in the future
Building file: ../src/Interface.c
Invoking: MicroBlaze gcc compiler
mb-gcc -Wall -O0 -g3 -c -fmessage-length=0 -MT"src/Interface.o" -I../../Advanced_Taffic_light_bsp/microblaze_0/include -mlittle-endian -mcpu=v9.5 -mxl-soft-mul -Wl,--no-relax -MMD -MP -MF"src/Interface.d" -MT"src/Interface.d" -o "src/Interface.o" "../src/Interface.c"
Finished building: ../src/Interface.c
 
Building file: ../src/control.c
Invoking: MicroBlaze gcc compiler
mb-gcc -Wall -O0 -g3 -c -fmessage-length=0 -MT"src/control.o" -I../../Advanced_Taffic_light_bsp/microblaze_0/include -mlittle-endian -mcpu=v9.5 -mxl-soft-mul -Wl,--no-relax -MMD -MP -MF"src/control.d" -MT"src/control.d" -o "src/control.o" "../src/control.c"
Finished building: ../src/control.c
 
Building file: ../src/extra.c
Invoking: MicroBlaze gcc compiler
mb-gcc -Wall -O0 -g3 -c -fmessage-length=0 -MT"src/extra.o" -I../../Advanced_Taffic_light_bsp/microblaze_0/include -mlittle-endian -mcpu=v9.5 -mxl-soft-mul -Wl,--no-relax -MMD -MP -MF"src/extra.d" -MT"src/extra.d" -o "src/extra.o" "../src/extra.c"
Finished building: ../src/extra.c
 
Building file: ../src/gpio_init.c
Invoking: MicroBlaze gcc compiler
mb-gcc -Wall -O0 -g3 -c -fmessage-length=0 -MT"src/gpio_init.o" -I../../Advanced_Taffic_light_bsp/microblaze_0/include -mlittle-endian -mcpu=v9.5 -mxl-soft-mul -Wl,--no-relax -MMD -MP -MF"src/gpio_init.d" -MT"src/gpio_init.d" -o "src/gpio_init.o" "../src/gpio_init.c"
../src/gpio_init.c: In function 'initGpio':
../src/gpio_init.c:17:5: warning: 'status' is used uninitialized in this function [-Wuninitialized]
  if (status != XST_SUCCESS)
     ^
Finished building: ../src/gpio_init.c
 
Building file: ../src/main.c
Invoking: MicroBlaze gcc compiler
mb-gcc -Wall -O0 -g3 -c -fmessage-length=0 -MT"src/main.o" -I../../Advanced_Taffic_light_bsp/microblaze_0/include -mlittle-endian -mcpu=v9.5 -mxl-soft-mul -Wl,--no-relax -MMD -MP -MF"src/main.d" -MT"src/main.d" -o "src/main.o" "../src/main.c"
Finished building: ../src/main.c
 
Building file: ../src/platform.c
Invoking: MicroBlaze gcc compiler
mb-gcc -Wall -O0 -g3 -c -fmessage-length=0 -MT"src/platform.o" -I../../Advanced_Taffic_light_bsp/microblaze_0/include -mlittle-endian -mcpu=v9.5 -mxl-soft-mul -Wl,--no-relax -MMD -MP -MF"src/platform.d" -MT"src/platform.d" -o "src/platform.o" "../src/platform.c"
Finished building: ../src/platform.c
 
Building file: ../src/seg7_display.c
Invoking: MicroBlaze gcc compiler
mb-gcc -Wall -O0 -g3 -c -fmessage-length=0 -MT"src/seg7_display.o" -I../../Advanced_Taffic_light_bsp/microblaze_0/include -mlittle-endian -mcpu=v9.5 -mxl-soft-mul -Wl,--no-relax -MMD -MP -MF"src/seg7_display.d" -MT"src/seg7_display.d" -o "src/seg7_display.o" "../src/seg7_display.c"
Finished building: ../src/seg7_display.c
 
Building file: ../src/timer_interrupt_func.c
Invoking: MicroBlaze gcc compiler
mb-gcc -Wall -O0 -g3 -c -fmessage-length=0 -MT"src/timer_interrupt_func.o" -I../../Advanced_Taffic_light_bsp/microblaze_0/include -mlittle-endian -mcpu=v9.5 -mxl-soft-mul -Wl,--no-relax -MMD -MP -MF"src/timer_interrupt_func.d" -MT"src/timer_interrupt_func.d" -o "src/timer_interrupt_func.o" "../src/timer_interrupt_func.c"
Finished building: ../src/timer_interrupt_func.c
 
Building file: ../src/xinterruptES3.c
Invoking: MicroBlaze gcc compiler
mb-gcc -Wall -O0 -g3 -c -fmessage-length=0 -MT"src/xinterruptES3.o" -I../../Advanced_Taffic_light_bsp/microblaze_0/include -mlittle-endian -mcpu=v9.5 -mxl-soft-mul -Wl,--no-relax -MMD -MP -MF"src/xinterruptES3.d" -MT"src/xinterruptES3.d" -o "src/xinterruptES3.o" "../src/xinterruptES3.c"
Finished building: ../src/xinterruptES3.c
 
Building target: Advanced_Taffic_light.elf
Invoking: MicroBlaze gcc linker
mb-gcc -Wl,-T -Wl,../src/lscript.ld -L../../Advanced_Taffic_light_bsp/microblaze_0/lib -mlittle-endian -mcpu=v9.5 -mxl-soft-mul -Wl,--no-relax -o "Advanced_Taffic_light.elf"  ./src/Interface.o ./src/control.o ./src/extra.o ./src/gpio_init.o ./src/main.o ./src/platform.o ./src/seg7_display.o ./src/timer_interrupt_func.o ./src/xinterruptES3.o   -Wl,--start-group,-lxil,-lgcc,-lc,--end-group
Finished building target: Advanced_Taffic_light.elf
 
Invoking: MicroBlaze Print Size
mb-size Advanced_Taffic_light.elf  |tee "Advanced_Taffic_light.elf.size"
   text	   data	    bss	    dec	    hex	filename
  26664	    688	   2768	  30120	   75a8	Advanced_Taffic_light.elf
Finished building: Advanced_Taffic_light.elf.size
 
make: warning:  Clock skew detected.  Your build may be incomplete.
14:19:36 **** Auto Build of configuration Debug for project Advanced_Taffic_light ****
make all 
make: Warning: File `src/subdir.mk' has modification time 0.013 s in the future
Building file: ../src/extra.c
Invoking: MicroBlaze gcc compiler
mb-gcc -Wall -O0 -g3 -c -fmessage-length=0 -MT"src/extra.o" -I../../Advanced_Taffic_light_bsp/microblaze_0/include -mlittle-endian -mcpu=v9.5 -mxl-soft-mul -Wl,--no-relax -MMD -MP -MF"src/extra.d" -MT"src/extra.d" -o "src/extra.o" "../src/extra.c"
Finished building: ../src/extra.c
 
Building target: Advanced_Taffic_light.elf
Invoking: MicroBlaze gcc linker
mb-gcc -Wl,-T -Wl,../src/lscript.ld -L../../Advanced_Taffic_light_bsp/microblaze_0/lib -mlittle-endian -mcpu=v9.5 -mxl-soft-mul -Wl,--no-relax -o "Advanced_Taffic_light.elf"  ./src/Interface.o ./src/control.o ./src/extra.o ./src/gpio_init.o ./src/main.o ./src/platform.o ./src/seg7_display.o ./src/timer_interrupt_func.o ./src/xinterruptES3.o   -Wl,--start-group,-lxil,-lgcc,-lc,--end-group
Finished building target: Advanced_Taffic_light.elf
 
Invoking: MicroBlaze Print Size
mb-size Advanced_Taffic_light.elf  |tee "Advanced_Taffic_light.elf.size"
   text	   data	    bss	    dec	    hex	filename
  26664	    688	   2768	  30120	   75a8	Advanced_Taffic_light.elf
Finished building: Advanced_Taffic_light.elf.size
 
make: warning:  Clock skew detected.  Your build may be incomplete.
14:19:44 **** Incremental Build of configuration Debug for project Advanced_Taffic_light ****
make all 
make: Warning: File `src/subdir.mk' has modification time 0.015 s in the future
make: warning:  Clock skew detected.  Your build may be incomplete.
make: Nothing to be done for `all'.
14:22:42 **** Incremental Build of configuration Debug for project Advanced_Taffic_light ****
make all 
make: Nothing to be done for `all'.
14:23:10 **** Auto Build of configuration Debug for project Advanced_Taffic_light ****
make all 
make: Warning: File `src/subdir.mk' has modification time 0.0064 s in the future
Building file: ../src/extra.c
Invoking: MicroBlaze gcc compiler
mb-gcc -Wall -O0 -g3 -c -fmessage-length=0 -MT"src/extra.o" -I../../Advanced_Taffic_light_bsp/microblaze_0/include -mlittle-endian -mcpu=v9.5 -mxl-soft-mul -Wl,--no-relax -MMD -MP -MF"src/extra.d" -MT"src/extra.d" -o "src/extra.o" "../src/extra.c"
Finished building: ../src/extra.c
 
Building target: Advanced_Taffic_light.elf
Invoking: MicroBlaze gcc linker
mb-gcc -Wl,-T -Wl,../src/lscript.ld -L../../Advanced_Taffic_light_bsp/microblaze_0/lib -mlittle-endian -mcpu=v9.5 -mxl-soft-mul -Wl,--no-relax -o "Advanced_Taffic_light.elf"  ./src/Interface.o ./src/control.o ./src/extra.o ./src/gpio_init.o ./src/main.o ./src/platform.o ./src/seg7_display.o ./src/timer_interrupt_func.o ./src/xinterruptES3.o   -Wl,--start-group,-lxil,-lgcc,-lc,--end-group
Finished building target: Advanced_Taffic_light.elf
 
Invoking: MicroBlaze Print Size
mb-size Advanced_Taffic_light.elf  |tee "Advanced_Taffic_light.elf.size"
   text	   data	    bss	    dec	    hex	filename
  26664	    688	   2768	  30120	   75a8	Advanced_Taffic_light.elf
Finished building: Advanced_Taffic_light.elf.size
 
make: warning:  Clock skew detected.  Your build may be incomplete.
14:23:15 **** Incremental Build of configuration Debug for project Advanced_Taffic_light ****
make all 
make: Nothing to be done for `all'.
14:23:25 **** Incremental Build of configuration Debug for project Advanced_Taffic_light ****
make all 
make: Warning: File `src/subdir.mk' has modification time 0.02 s in the future
make: warning:  Clock skew detected.  Your build may be incomplete.
make: Nothing to be done for `all'.
14:23:47 **** Auto Build of configuration Debug for project Advanced_Taffic_light ****
make all 
make: Warning: File `src/subdir.mk' has modification time 0.012 s in the future
Building file: ../src/extra.c
Invoking: MicroBlaze gcc compiler
mb-gcc -Wall -O0 -g3 -c -fmessage-length=0 -MT"src/extra.o" -I../../Advanced_Taffic_light_bsp/microblaze_0/include -mlittle-endian -mcpu=v9.5 -mxl-soft-mul -Wl,--no-relax -MMD -MP -MF"src/extra.d" -MT"src/extra.d" -o "src/extra.o" "../src/extra.c"
Finished building: ../src/extra.c
 
Building target: Advanced_Taffic_light.elf
Invoking: MicroBlaze gcc linker
mb-gcc -Wl,-T -Wl,../src/lscript.ld -L../../Advanced_Taffic_light_bsp/microblaze_0/lib -mlittle-endian -mcpu=v9.5 -mxl-soft-mul -Wl,--no-relax -o "Advanced_Taffic_light.elf"  ./src/Interface.o ./src/control.o ./src/extra.o ./src/gpio_init.o ./src/main.o ./src/platform.o ./src/seg7_display.o ./src/timer_interrupt_func.o ./src/xinterruptES3.o   -Wl,--start-group,-lxil,-lgcc,-lc,--end-group
Finished building target: Advanced_Taffic_light.elf
 
Invoking: MicroBlaze Print Size
mb-size Advanced_Taffic_light.elf  |tee "Advanced_Taffic_light.elf.size"
   text	   data	    bss	    dec	    hex	filename
  26656	    688	   2768	  30112	   75a0	Advanced_Taffic_light.elf
Finished building: Advanced_Taffic_light.elf.size
 
make: warning:  Clock skew detected.  Your build may be incomplete.
14:24:03 **** Auto Build of configuration Debug for project Advanced_Taffic_light ****
make all 
make: Warning: File `src/subdir.mk' has modification time 0.014 s in the future
Building file: ../src/main.c
Invoking: MicroBlaze gcc compiler
mb-gcc -Wall -O0 -g3 -c -fmessage-length=0 -MT"src/main.o" -I../../Advanced_Taffic_light_bsp/microblaze_0/include -mlittle-endian -mcpu=v9.5 -mxl-soft-mul -Wl,--no-relax -MMD -MP -MF"src/main.d" -MT"src/main.d" -o "src/main.o" "../src/main.c"
Finished building: ../src/main.c
 
Building target: Advanced_Taffic_light.elf
Invoking: MicroBlaze gcc linker
mb-gcc -Wl,-T -Wl,../src/lscript.ld -L../../Advanced_Taffic_light_bsp/microblaze_0/lib -mlittle-endian -mcpu=v9.5 -mxl-soft-mul -Wl,--no-relax -o "Advanced_Taffic_light.elf"  ./src/Interface.o ./src/control.o ./src/extra.o ./src/gpio_init.o ./src/main.o ./src/platform.o ./src/seg7_display.o ./src/timer_interrupt_func.o ./src/xinterruptES3.o   -Wl,--start-group,-lxil,-lgcc,-lc,--end-group
Finished building target: Advanced_Taffic_light.elf
 
Invoking: MicroBlaze Print Size
mb-size Advanced_Taffic_light.elf  |tee "Advanced_Taffic_light.elf.size"
   text	   data	    bss	    dec	    hex	filename
  26656	    688	   2768	  30112	   75a0	Advanced_Taffic_light.elf
Finished building: Advanced_Taffic_light.elf.size
 
make: warning:  Clock skew detected.  Your build may be incomplete.
14:24:05 **** Incremental Build of configuration Debug for project Advanced_Taffic_light ****
make all 
make: Warning: File `src/subdir.mk' has modification time 0.021 s in the future
make: warning:  Clock skew detected.  Your build may be incomplete.
make: Nothing to be done for `all'.
14:24:09 **** Incremental Build of configuration Debug for project Advanced_Taffic_light ****
make all 
make: Warning: File `src/subdir.mk' has modification time 0.02 s in the future
make: warning:  Clock skew detected.  Your build may be incomplete.
make: Nothing to be done for `all'.
14:24:26 **** Auto Build of configuration Debug for project Advanced_Taffic_light ****
make all 
make: Warning: File `src/subdir.mk' has modification time 0.017 s in the future
Building file: ../src/extra.c
Invoking: MicroBlaze gcc compiler
mb-gcc -Wall -O0 -g3 -c -fmessage-length=0 -MT"src/extra.o" -I../../Advanced_Taffic_light_bsp/microblaze_0/include -mlittle-endian -mcpu=v9.5 -mxl-soft-mul -Wl,--no-relax -MMD -MP -MF"src/extra.d" -MT"src/extra.d" -o "src/extra.o" "../src/extra.c"
Finished building: ../src/extra.c
 
Building target: Advanced_Taffic_light.elf
Invoking: MicroBlaze gcc linker
mb-gcc -Wl,-T -Wl,../src/lscript.ld -L../../Advanced_Taffic_light_bsp/microblaze_0/lib -mlittle-endian -mcpu=v9.5 -mxl-soft-mul -Wl,--no-relax -o "Advanced_Taffic_light.elf"  ./src/Interface.o ./src/control.o ./src/extra.o ./src/gpio_init.o ./src/main.o ./src/platform.o ./src/seg7_display.o ./src/timer_interrupt_func.o ./src/xinterruptES3.o   -Wl,--start-group,-lxil,-lgcc,-lc,--end-group
Finished building target: Advanced_Taffic_light.elf
 
Invoking: MicroBlaze Print Size
mb-size Advanced_Taffic_light.elf  |tee "Advanced_Taffic_light.elf.size"
   text	   data	    bss	    dec	    hex	filename
  26664	    688	   2768	  30120	   75a8	Advanced_Taffic_light.elf
Finished building: Advanced_Taffic_light.elf.size
 
make: warning:  Clock skew detected.  Your build may be incomplete.
14:24:29 **** Incremental Build of configuration Debug for project Advanced_Taffic_light ****
make all 
make: Warning: File `src/subdir.mk' has modification time 0.022 s in the future
make: warning:  Clock skew detected.  Your build may be incomplete.
make: Nothing to be done for `all'.
14:24:33 **** Incremental Build of configuration Debug for project Advanced_Taffic_light ****
make all 
make: Warning: File `src/subdir.mk' has modification time 0.019 s in the future
make: warning:  Clock skew detected.  Your build may be incomplete.
make: Nothing to be done for `all'.
14:24:47 **** Auto Build of configuration Debug for project Advanced_Taffic_light ****
make all 
make: Warning: File `src/subdir.mk' has modification time 0.013 s in the future
Building file: ../src/extra.c
Invoking: MicroBlaze gcc compiler
mb-gcc -Wall -O0 -g3 -c -fmessage-length=0 -MT"src/extra.o" -I../../Advanced_Taffic_light_bsp/microblaze_0/include -mlittle-endian -mcpu=v9.5 -mxl-soft-mul -Wl,--no-relax -MMD -MP -MF"src/extra.d" -MT"src/extra.d" -o "src/extra.o" "../src/extra.c"
Finished building: ../src/extra.c
 
Building target: Advanced_Taffic_light.elf
Invoking: MicroBlaze gcc linker
mb-gcc -Wl,-T -Wl,../src/lscript.ld -L../../Advanced_Taffic_light_bsp/microblaze_0/lib -mlittle-endian -mcpu=v9.5 -mxl-soft-mul -Wl,--no-relax -o "Advanced_Taffic_light.elf"  ./src/Interface.o ./src/control.o ./src/extra.o ./src/gpio_init.o ./src/main.o ./src/platform.o ./src/seg7_display.o ./src/timer_interrupt_func.o ./src/xinterruptES3.o   -Wl,--start-group,-lxil,-lgcc,-lc,--end-group
Finished building target: Advanced_Taffic_light.elf
 
Invoking: MicroBlaze Print Size
mb-size Advanced_Taffic_light.elf  |tee "Advanced_Taffic_light.elf.size"
   text	   data	    bss	    dec	    hex	filename
  26664	    688	   2768	  30120	   75a8	Advanced_Taffic_light.elf
Finished building: Advanced_Taffic_light.elf.size
 
make: warning:  Clock skew detected.  Your build may be incomplete.
14:24:49 **** Incremental Build of configuration Debug for project Advanced_Taffic_light ****
make all 
make: Warning: File `src/subdir.mk' has modification time 0.019 s in the future
make: warning:  Clock skew detected.  Your build may be incomplete.
make: Nothing to be done for `all'.
14:24:56 **** Incremental Build of configuration Debug for project Advanced_Taffic_light ****
make all 
make: Warning: File `src/subdir.mk' has modification time 0.018 s in the future
make: warning:  Clock skew detected.  Your build may be incomplete.
make: Nothing to be done for `all'.
14:28:17 **** Auto Build of configuration Debug for project Advanced_Taffic_light ****
make all 
make: Warning: File `src/subdir.mk' has modification time 0.0016 s in the future
Building file: ../src/extra.c
Invoking: MicroBlaze gcc compiler
mb-gcc -Wall -O0 -g3 -c -fmessage-length=0 -MT"src/extra.o" -I../../Advanced_Taffic_light_bsp/microblaze_0/include -mlittle-endian -mcpu=v9.5 -mxl-soft-mul -Wl,--no-relax -MMD -MP -MF"src/extra.d" -MT"src/extra.d" -o "src/extra.o" "../src/extra.c"
Finished building: ../src/extra.c
 
Building file: ../src/main.c
Invoking: MicroBlaze gcc compiler
mb-gcc -Wall -O0 -g3 -c -fmessage-length=0 -MT"src/main.o" -I../../Advanced_Taffic_light_bsp/microblaze_0/include -mlittle-endian -mcpu=v9.5 -mxl-soft-mul -Wl,--no-relax -MMD -MP -MF"src/main.d" -MT"src/main.d" -o "src/main.o" "../src/main.c"
Finished building: ../src/main.c
 
Building target: Advanced_Taffic_light.elf
Invoking: MicroBlaze gcc linker
mb-gcc -Wl,-T -Wl,../src/lscript.ld -L../../Advanced_Taffic_light_bsp/microblaze_0/lib -mlittle-endian -mcpu=v9.5 -mxl-soft-mul -Wl,--no-relax -o "Advanced_Taffic_light.elf"  ./src/Interface.o ./src/control.o ./src/extra.o ./src/gpio_init.o ./src/main.o ./src/platform.o ./src/seg7_display.o ./src/timer_interrupt_func.o ./src/xinterruptES3.o   -Wl,--start-group,-lxil,-lgcc,-lc,--end-group
Finished building target: Advanced_Taffic_light.elf
 
Invoking: MicroBlaze Print Size
mb-size Advanced_Taffic_light.elf  |tee "Advanced_Taffic_light.elf.size"
   text	   data	    bss	    dec	    hex	filename
  26664	    688	   2768	  30120	   75a8	Advanced_Taffic_light.elf
Finished building: Advanced_Taffic_light.elf.size
 
make: warning:  Clock skew detected.  Your build may be incomplete.
14:29:11 **** Auto Build of configuration Debug for project Advanced_Taffic_light ****
make all 
make: Warning: File `src/subdir.mk' has modification time 0.015 s in the future
Building file: ../src/extra.c
Invoking: MicroBlaze gcc compiler
mb-gcc -Wall -O0 -g3 -c -fmessage-length=0 -MT"src/extra.o" -I../../Advanced_Taffic_light_bsp/microblaze_0/include -mlittle-endian -mcpu=v9.5 -mxl-soft-mul -Wl,--no-relax -MMD -MP -MF"src/extra.d" -MT"src/extra.d" -o "src/extra.o" "../src/extra.c"
Finished building: ../src/extra.c
 
Building file: ../src/main.c
Invoking: MicroBlaze gcc compiler
mb-gcc -Wall -O0 -g3 -c -fmessage-length=0 -MT"src/main.o" -I../../Advanced_Taffic_light_bsp/microblaze_0/include -mlittle-endian -mcpu=v9.5 -mxl-soft-mul -Wl,--no-relax -MMD -MP -MF"src/main.d" -MT"src/main.d" -o "src/main.o" "../src/main.c"
Finished building: ../src/main.c
 
Building target: Advanced_Taffic_light.elf
Invoking: MicroBlaze gcc linker
mb-gcc -Wl,-T -Wl,../src/lscript.ld -L../../Advanced_Taffic_light_bsp/microblaze_0/lib -mlittle-endian -mcpu=v9.5 -mxl-soft-mul -Wl,--no-relax -o "Advanced_Taffic_light.elf"  ./src/Interface.o ./src/control.o ./src/extra.o ./src/gpio_init.o ./src/main.o ./src/platform.o ./src/seg7_display.o ./src/timer_interrupt_func.o ./src/xinterruptES3.o   -Wl,--start-group,-lxil,-lgcc,-lc,--end-group
Finished building target: Advanced_Taffic_light.elf
 
Invoking: MicroBlaze Print Size
mb-size Advanced_Taffic_light.elf  |tee "Advanced_Taffic_light.elf.size"
   text	   data	    bss	    dec	    hex	filename
  26696	    688	   2768	  30152	   75c8	Advanced_Taffic_light.elf
Finished building: Advanced_Taffic_light.elf.size
 
make: warning:  Clock skew detected.  Your build may be incomplete.
14:29:26 **** Auto Build of configuration Debug for project Advanced_Taffic_light ****
make all 
make: Warning: File `src/subdir.mk' has modification time 0.013 s in the future
Building file: ../src/timer_interrupt_func.c
Invoking: MicroBlaze gcc compiler
mb-gcc -Wall -O0 -g3 -c -fmessage-length=0 -MT"src/timer_interrupt_func.o" -I../../Advanced_Taffic_light_bsp/microblaze_0/include -mlittle-endian -mcpu=v9.5 -mxl-soft-mul -Wl,--no-relax -MMD -MP -MF"src/timer_interrupt_func.d" -MT"src/timer_interrupt_func.d" -o "src/timer_interrupt_func.o" "../src/timer_interrupt_func.c"
../src/timer_interrupt_func.c: In function 'hwTimerISR':
../src/timer_interrupt_func.c:26:2: warning: implicit declaration of function 'ChangeCarPosition' [-Wimplicit-function-declaration]
  ChangeCarPosition();
  ^
Finished building: ../src/timer_interrupt_func.c
 
Building target: Advanced_Taffic_light.elf
Invoking: MicroBlaze gcc linker
mb-gcc -Wl,-T -Wl,../src/lscript.ld -L../../Advanced_Taffic_light_bsp/microblaze_0/lib -mlittle-endian -mcpu=v9.5 -mxl-soft-mul -Wl,--no-relax -o "Advanced_Taffic_light.elf"  ./src/Interface.o ./src/control.o ./src/extra.o ./src/gpio_init.o ./src/main.o ./src/platform.o ./src/seg7_display.o ./src/timer_interrupt_func.o ./src/xinterruptES3.o   -Wl,--start-group,-lxil,-lgcc,-lc,--end-group
Finished building target: Advanced_Taffic_light.elf
 
Invoking: MicroBlaze Print Size
mb-size Advanced_Taffic_light.elf  |tee "Advanced_Taffic_light.elf.size"
   text	   data	    bss	    dec	    hex	filename
  26708	    688	   2772	  30168	   75d8	Advanced_Taffic_light.elf
Finished building: Advanced_Taffic_light.elf.size
 
make: warning:  Clock skew detected.  Your build may be incomplete.
14:29:52 **** Auto Build of configuration Debug for project Advanced_Taffic_light ****
make all 
make: Warning: File `src/subdir.mk' has modification time 0.015 s in the future
Building file: ../src/extra.c
Invoking: MicroBlaze gcc compiler
mb-gcc -Wall -O0 -g3 -c -fmessage-length=0 -MT"src/extra.o" -I../../Advanced_Taffic_light_bsp/microblaze_0/include -mlittle-endian -mcpu=v9.5 -mxl-soft-mul -Wl,--no-relax -MMD -MP -MF"src/extra.d" -MT"src/extra.d" -o "src/extra.o" "../src/extra.c"
Finished building: ../src/extra.c
 
Building file: ../src/timer_interrupt_func.c
Invoking: MicroBlaze gcc compiler
mb-gcc -Wall -O0 -g3 -c -fmessage-length=0 -MT"src/timer_interrupt_func.o" -I../../Advanced_Taffic_light_bsp/microblaze_0/include -mlittle-endian -mcpu=v9.5 -mxl-soft-mul -Wl,--no-relax -MMD -MP -MF"src/timer_interrupt_func.d" -MT"src/timer_interrupt_func.d" -o "src/timer_interrupt_func.o" "../src/timer_interrupt_func.c"
Finished building: ../src/timer_interrupt_func.c
 
Building target: Advanced_Taffic_light.elf
Invoking: MicroBlaze gcc linker
mb-gcc -Wl,-T -Wl,../src/lscript.ld -L../../Advanced_Taffic_light_bsp/microblaze_0/lib -mlittle-endian -mcpu=v9.5 -mxl-soft-mul -Wl,--no-relax -o "Advanced_Taffic_light.elf"  ./src/Interface.o ./src/control.o ./src/extra.o ./src/gpio_init.o ./src/main.o ./src/platform.o ./src/seg7_display.o ./src/timer_interrupt_func.o ./src/xinterruptES3.o   -Wl,--start-group,-lxil,-lgcc,-lc,--end-group
Finished building target: Advanced_Taffic_light.elf
 
Invoking: MicroBlaze Print Size
mb-size Advanced_Taffic_light.elf  |tee "Advanced_Taffic_light.elf.size"
   text	   data	    bss	    dec	    hex	filename
  26708	    688	   2772	  30168	   75d8	Advanced_Taffic_light.elf
Finished building: Advanced_Taffic_light.elf.size
 
make: warning:  Clock skew detected.  Your build may be incomplete.
14:31:14 **** Auto Build of configuration Debug for project Advanced_Taffic_light ****
make all 
make: Warning: File `src/subdir.mk' has modification time 0.012 s in the future
Building file: ../src/extra.c
Invoking: MicroBlaze gcc compiler
mb-gcc -Wall -O0 -g3 -c -fmessage-length=0 -MT"src/extra.o" -I../../Advanced_Taffic_light_bsp/microblaze_0/include -mlittle-endian -mcpu=v9.5 -mxl-soft-mul -Wl,--no-relax -MMD -MP -MF"src/extra.d" -MT"src/extra.d" -o "src/extra.o" "../src/extra.c"
Finished building: ../src/extra.c
 
Building target: Advanced_Taffic_light.elf
Invoking: MicroBlaze gcc linker
mb-gcc -Wl,-T -Wl,../src/lscript.ld -L../../Advanced_Taffic_light_bsp/microblaze_0/lib -mlittle-endian -mcpu=v9.5 -mxl-soft-mul -Wl,--no-relax -o "Advanced_Taffic_light.elf"  ./src/Interface.o ./src/control.o ./src/extra.o ./src/gpio_init.o ./src/main.o ./src/platform.o ./src/seg7_display.o ./src/timer_interrupt_func.o ./src/xinterruptES3.o   -Wl,--start-group,-lxil,-lgcc,-lc,--end-group
Finished building target: Advanced_Taffic_light.elf
 
Invoking: MicroBlaze Print Size
mb-size Advanced_Taffic_light.elf  |tee "Advanced_Taffic_light.elf.size"
   text	   data	    bss	    dec	    hex	filename
  26728	    688	   2768	  30184	   75e8	Advanced_Taffic_light.elf
Finished building: Advanced_Taffic_light.elf.size
 
make: warning:  Clock skew detected.  Your build may be incomplete.
14:31:29 **** Auto Build of configuration Debug for project Advanced_Taffic_light ****
make all 
make: Warning: File `src/subdir.mk' has modification time 0.017 s in the future
Building file: ../src/extra.c
Invoking: MicroBlaze gcc compiler
mb-gcc -Wall -O0 -g3 -c -fmessage-length=0 -MT"src/extra.o" -I../../Advanced_Taffic_light_bsp/microblaze_0/include -mlittle-endian -mcpu=v9.5 -mxl-soft-mul -Wl,--no-relax -MMD -MP -MF"src/extra.d" -MT"src/extra.d" -o "src/extra.o" "../src/extra.c"
Finished building: ../src/extra.c
 
Building target: Advanced_Taffic_light.elf
Invoking: MicroBlaze gcc linker
mb-gcc -Wl,-T -Wl,../src/lscript.ld -L../../Advanced_Taffic_light_bsp/microblaze_0/lib -mlittle-endian -mcpu=v9.5 -mxl-soft-mul -Wl,--no-relax -o "Advanced_Taffic_light.elf"  ./src/Interface.o ./src/control.o ./src/extra.o ./src/gpio_init.o ./src/main.o ./src/platform.o ./src/seg7_display.o ./src/timer_interrupt_func.o ./src/xinterruptES3.o   -Wl,--start-group,-lxil,-lgcc,-lc,--end-group
Finished building target: Advanced_Taffic_light.elf
 
Invoking: MicroBlaze Print Size
mb-size Advanced_Taffic_light.elf  |tee "Advanced_Taffic_light.elf.size"
   text	   data	    bss	    dec	    hex	filename
  26728	    688	   2768	  30184	   75e8	Advanced_Taffic_light.elf
Finished building: Advanced_Taffic_light.elf.size
 
make: warning:  Clock skew detected.  Your build may be incomplete.
14:32:59 **** Auto Build of configuration Debug for project Advanced_Taffic_light ****
make all 
make: Warning: File `src/subdir.mk' has modification time 0.0087 s in the future
Building file: ../src/control.c
Invoking: MicroBlaze gcc compiler
mb-gcc -Wall -O0 -g3 -c -fmessage-length=0 -MT"src/control.o" -I../../Advanced_Taffic_light_bsp/microblaze_0/include -mlittle-endian -mcpu=v9.5 -mxl-soft-mul -Wl,--no-relax -MMD -MP -MF"src/control.d" -MT"src/control.d" -o "src/control.o" "../src/control.c"
Finished building: ../src/control.c
 
Building target: Advanced_Taffic_light.elf
Invoking: MicroBlaze gcc linker
mb-gcc -Wl,-T -Wl,../src/lscript.ld -L../../Advanced_Taffic_light_bsp/microblaze_0/lib -mlittle-endian -mcpu=v9.5 -mxl-soft-mul -Wl,--no-relax -o "Advanced_Taffic_light.elf"  ./src/Interface.o ./src/control.o ./src/extra.o ./src/gpio_init.o ./src/main.o ./src/platform.o ./src/seg7_display.o ./src/timer_interrupt_func.o ./src/xinterruptES3.o   -Wl,--start-group,-lxil,-lgcc,-lc,--end-group
Finished building target: Advanced_Taffic_light.elf
 
Invoking: MicroBlaze Print Size
mb-size Advanced_Taffic_light.elf  |tee "Advanced_Taffic_light.elf.size"
   text	   data	    bss	    dec	    hex	filename
  26728	    688	   2768	  30184	   75e8	Advanced_Taffic_light.elf
Finished building: Advanced_Taffic_light.elf.size
 
make: warning:  Clock skew detected.  Your build may be incomplete.
14:41:23 **** Auto Build of configuration Debug for project Advanced_Taffic_light ****
make all 
make: Warning: File `src/subdir.mk' has modification time 0.011 s in the future
Building file: ../src/extra.c
Invoking: MicroBlaze gcc compiler
mb-gcc -Wall -O0 -g3 -c -fmessage-length=0 -MT"src/extra.o" -I../../Advanced_Taffic_light_bsp/microblaze_0/include -mlittle-endian -mcpu=v9.5 -mxl-soft-mul -Wl,--no-relax -MMD -MP -MF"src/extra.d" -MT"src/extra.d" -o "src/extra.o" "../src/extra.c"
../src/extra.c: In function 'ButtonGet':
../src/extra.c:31:1: error: parameter name omitted
 void ButtonGet(u16 button, XGpio )
 ^
../src/extra.c:46:4: warning: implicit declaration of function 'excute' [-Wimplicit-function-declaration]
    excute();
    ^
../src/extra.c: At top level:
../src/extra.c:57:6: warning: conflicting types for 'excute'
 void excute()
      ^
../src/extra.c:46:4: note: previous implicit declaration of 'excute' was here
    excute();
    ^
../src/extra.c: In function 'excute':
../src/extra.c:59:2: error: 'BtnUpIn' undeclared (first use in this function)
  BtnUpIn= XGpio_DiscreteRead(&P_BTN_LEFT, 1);
  ^
../src/extra.c:59:2: note: each undeclared identifier is reported only once for each function it appears in
make: *** [src/extra.o] Error 1
14:43:55 **** Auto Build of configuration Debug for project Advanced_Taffic_light ****
make all 
make: Warning: File `src/subdir.mk' has modification time 0.012 s in the future
Building file: ../src/extra.c
Invoking: MicroBlaze gcc compiler
mb-gcc -Wall -O0 -g3 -c -fmessage-length=0 -MT"src/extra.o" -I../../Advanced_Taffic_light_bsp/microblaze_0/include -mlittle-endian -mcpu=v9.5 -mxl-soft-mul -Wl,--no-relax -MMD -MP -MF"src/extra.d" -MT"src/extra.d" -o "src/extra.o" "../src/extra.c"
../src/extra.c: In function 'ButtonGet':
../src/extra.c:46:4: warning: implicit declaration of function 'excute' [-Wimplicit-function-declaration]
    excute(direction);
    ^
../src/extra.c: At top level:
../src/extra.c:57:6: warning: conflicting types for 'excute'
 void excute()
      ^
../src/extra.c:46:4: note: previous implicit declaration of 'excute' was here
    excute(direction);
    ^
../src/extra.c: In function 'excute':
../src/extra.c:59:2: error: 'BtnUpIn' undeclared (first use in this function)
  BtnUpIn= XGpio_DiscreteRead(&P_BTN_LEFT, 1);
  ^
../src/extra.c:59:2: note: each undeclared identifier is reported only once for each function it appears in
make: *** [src/extra.o] Error 1
14:44:37 **** Auto Build of configuration Debug for project Advanced_Taffic_light ****
make all 
make: Warning: File `src/subdir.mk' has modification time 0.013 s in the future
Building file: ../src/extra.c
Invoking: MicroBlaze gcc compiler
mb-gcc -Wall -O0 -g3 -c -fmessage-length=0 -MT"src/extra.o" -I../../Advanced_Taffic_light_bsp/microblaze_0/include -mlittle-endian -mcpu=v9.5 -mxl-soft-mul -Wl,--no-relax -MMD -MP -MF"src/extra.d" -MT"src/extra.d" -o "src/extra.o" "../src/extra.c"
../src/extra.c: In function 'ButtonGet':
../src/extra.c:48:4: warning: implicit declaration of function 'excute' [-Wimplicit-function-declaration]
    excute(direction);
    ^
../src/extra.c: At top level:
../src/extra.c:59:6: warning: conflicting types for 'excute'
 void excute(int direction)
      ^
../src/extra.c:48:4: note: previous implicit declaration of 'excute' was here
    excute(direction);
    ^
Finished building: ../src/extra.c
 
Building target: Advanced_Taffic_light.elf
Invoking: MicroBlaze gcc linker
mb-gcc -Wl,-T -Wl,../src/lscript.ld -L../../Advanced_Taffic_light_bsp/microblaze_0/lib -mlittle-endian -mcpu=v9.5 -mxl-soft-mul -Wl,--no-relax -o "Advanced_Taffic_light.elf"  ./src/Interface.o ./src/control.o ./src/extra.o ./src/gpio_init.o ./src/main.o ./src/platform.o ./src/seg7_display.o ./src/timer_interrupt_func.o ./src/xinterruptES3.o   -Wl,--start-group,-lxil,-lgcc,-lc,--end-group
Finished building target: Advanced_Taffic_light.elf
 
Invoking: MicroBlaze Print Size
mb-size Advanced_Taffic_light.elf  |tee "Advanced_Taffic_light.elf.size"
   text	   data	    bss	    dec	    hex	filename
  27072	    688	   2776	  30536	   7748	Advanced_Taffic_light.elf
Finished building: Advanced_Taffic_light.elf.size
 
make: warning:  Clock skew detected.  Your build may be incomplete.
14:45:25 **** Auto Build of configuration Debug for project Advanced_Taffic_light ****
make all 
make: Warning: File `src/subdir.mk' has modification time 0.014 s in the future
Building file: ../src/extra.c
Invoking: MicroBlaze gcc compiler
mb-gcc -Wall -O0 -g3 -c -fmessage-length=0 -MT"src/extra.o" -I../../Advanced_Taffic_light_bsp/microblaze_0/include -mlittle-endian -mcpu=v9.5 -mxl-soft-mul -Wl,--no-relax -MMD -MP -MF"src/extra.d" -MT"src/extra.d" -o "src/extra.o" "../src/extra.c"
../src/extra.c: In function 'ButtonGet':
../src/extra.c:48:4: warning: implicit declaration of function 'excute' [-Wimplicit-function-declaration]
    excute(direction);
    ^
../src/extra.c: At top level:
../src/extra.c:59:6: warning: conflicting types for 'excute'
 void excute(int direction)
      ^
../src/extra.c:48:4: note: previous implicit declaration of 'excute' was here
    excute(direction);
    ^
Finished building: ../src/extra.c
 
Building target: Advanced_Taffic_light.elf
Invoking: MicroBlaze gcc linker
mb-gcc -Wl,-T -Wl,../src/lscript.ld -L../../Advanced_Taffic_light_bsp/microblaze_0/lib -mlittle-endian -mcpu=v9.5 -mxl-soft-mul -Wl,--no-relax -o "Advanced_Taffic_light.elf"  ./src/Interface.o ./src/control.o ./src/extra.o ./src/gpio_init.o ./src/main.o ./src/platform.o ./src/seg7_display.o ./src/timer_interrupt_func.o ./src/xinterruptES3.o   -Wl,--start-group,-lxil,-lgcc,-lc,--end-group
Finished building target: Advanced_Taffic_light.elf
 
Invoking: MicroBlaze Print Size
mb-size Advanced_Taffic_light.elf  |tee "Advanced_Taffic_light.elf.size"
   text	   data	    bss	    dec	    hex	filename
  27072	    688	   2776	  30536	   7748	Advanced_Taffic_light.elf
Finished building: Advanced_Taffic_light.elf.size
 
make: warning:  Clock skew detected.  Your build may be incomplete.
14:46:43 **** Auto Build of configuration Debug for project Advanced_Taffic_light ****
make all 
make: Warning: File `src/subdir.mk' has modification time 0.0094 s in the future
Building file: ../src/extra.c
Invoking: MicroBlaze gcc compiler
mb-gcc -Wall -O0 -g3 -c -fmessage-length=0 -MT"src/extra.o" -I../../Advanced_Taffic_light_bsp/microblaze_0/include -mlittle-endian -mcpu=v9.5 -mxl-soft-mul -Wl,--no-relax -MMD -MP -MF"src/extra.d" -MT"src/extra.d" -o "src/extra.o" "../src/extra.c"
../src/extra.c: In function 'DisplayCarByPosition':
../src/extra.c:24:2: error: 'pushBtnLeftIn' undeclared (first use in this function)
  pushBtnLeftIn= XGpio_DiscreteRead(&P_BTN_LEFT, 1);
  ^
../src/extra.c:24:2: note: each undeclared identifier is reported only once for each function it appears in
../src/extra.c:25:2: warning: implicit declaration of function 'ButtonGet' [-Wimplicit-function-declaration]
  ButtonGet(u16 button, XGpio P_BTN, int direction)
  ^
../src/extra.c:25:12: error: expected expression before 'u16'
  ButtonGet(u16 button, XGpio P_BTN, int direction)
            ^
../src/extra.c:27:2: error: expected ';' before 'target_colour'
  target_colour = BLUE;
  ^
../src/extra.c: At top level:
../src/extra.c:35:6: warning: conflicting types for 'ButtonGet'
 void ButtonGet(u16 button, XGpio P_BTN, int direction)
      ^
../src/extra.c:25:2: note: previous implicit declaration of 'ButtonGet' was here
  ButtonGet(u16 button, XGpio P_BTN, int direction)
  ^
../src/extra.c: In function 'ButtonGet':
../src/extra.c:50:4: warning: implicit declaration of function 'excute' [-Wimplicit-function-declaration]
    excute(direction);
    ^
../src/extra.c: At top level:
../src/extra.c:61:6: warning: conflicting types for 'excute'
 void excute(int direction)
      ^
../src/extra.c:50:4: note: previous implicit declaration of 'excute' was here
    excute(direction);
    ^
make: *** [src/extra.o] Error 1
14:47:58 **** Auto Build of configuration Debug for project Advanced_Taffic_light ****
make all 
make: Warning: File `src/subdir.mk' has modification time 0.012 s in the future
Building file: ../src/extra.c
Invoking: MicroBlaze gcc compiler
mb-gcc -Wall -O0 -g3 -c -fmessage-length=0 -MT"src/extra.o" -I../../Advanced_Taffic_light_bsp/microblaze_0/include -mlittle-endian -mcpu=v9.5 -mxl-soft-mul -Wl,--no-relax -MMD -MP -MF"src/extra.d" -MT"src/extra.d" -o "src/extra.o" "../src/extra.c"
../src/extra.c: In function 'DisplayCarByPosition':
../src/extra.c:24:31: error: 'P_BTN_UP' undeclared (first use in this function)
  BtnUpIn= XGpio_DiscreteRead(&P_BTN_UP, 1);
                               ^
../src/extra.c:24:31: note: each undeclared identifier is reported only once for each function it appears in
../src/extra.c:26:2: warning: implicit declaration of function 'ButtonGet' [-Wimplicit-function-declaration]
  ButtonGet(u16 button, XGpio P_BTN, int direction)
  ^
../src/extra.c:26:12: error: expected expression before 'u16'
  ButtonGet(u16 button, XGpio P_BTN, int direction)
            ^
../src/extra.c:28:2: error: expected ';' before 'target_colour'
  target_colour = BLUE;
  ^
../src/extra.c: At top level:
../src/extra.c:36:6: warning: conflicting types for 'ButtonGet'
 void ButtonGet(u16 button, XGpio P_BTN, int direction)
      ^
../src/extra.c:26:2: note: previous implicit declaration of 'ButtonGet' was here
  ButtonGet(u16 button, XGpio P_BTN, int direction)
  ^
../src/extra.c: In function 'ButtonGet':
../src/extra.c:51:4: warning: implicit declaration of function 'excute' [-Wimplicit-function-declaration]
    excute(direction);
    ^
../src/extra.c: At top level:
../src/extra.c:62:6: warning: conflicting types for 'excute'
 void excute(int direction)
      ^
../src/extra.c:51:4: note: previous implicit declaration of 'excute' was here
    excute(direction);
    ^
make: *** [src/extra.o] Error 1
14:48:07 **** Auto Build of configuration Debug for project Advanced_Taffic_light ****
make all 
make: Warning: File `src/subdir.mk' has modification time 0.016 s in the future
Building file: ../src/extra.c
Invoking: MicroBlaze gcc compiler
mb-gcc -Wall -O0 -g3 -c -fmessage-length=0 -MT"src/extra.o" -I../../Advanced_Taffic_light_bsp/microblaze_0/include -mlittle-endian -mcpu=v9.5 -mxl-soft-mul -Wl,--no-relax -MMD -MP -MF"src/extra.d" -MT"src/extra.d" -o "src/extra.o" "../src/extra.c"
../src/extra.c: In function 'DisplayCarByPosition':
../src/extra.c:24:31: error: 'P_BTN_UP' undeclared (first use in this function)
  BtnUpIn= XGpio_DiscreteRead(&P_BTN_UP, 1);
                               ^
../src/extra.c:24:31: note: each undeclared identifier is reported only once for each function it appears in
../src/extra.c:25:33: error: 'P_BTN_DOWN' undeclared (first use in this function)
  BtnDownIn= XGpio_DiscreteRead(&P_BTN_DOWN, 1);
                                 ^
../src/extra.c:26:2: warning: implicit declaration of function 'ButtonGet' [-Wimplicit-function-declaration]
  ButtonGet(u16 button, XGpio P_BTN, int direction)
  ^
../src/extra.c:26:12: error: expected expression before 'u16'
  ButtonGet(u16 button, XGpio P_BTN, int direction)
            ^
../src/extra.c:28:2: error: expected ';' before 'target_colour'
  target_colour = BLUE;
  ^
../src/extra.c: At top level:
../src/extra.c:36:6: warning: conflicting types for 'ButtonGet'
 void ButtonGet(u16 button, XGpio P_BTN, int direction)
      ^
../src/extra.c:26:2: note: previous implicit declaration of 'ButtonGet' was here
  ButtonGet(u16 button, XGpio P_BTN, int direction)
  ^
../src/extra.c: In function 'ButtonGet':
../src/extra.c:51:4: warning: implicit declaration of function 'excute' [-Wimplicit-function-declaration]
    excute(direction);
    ^
../src/extra.c: At top level:
../src/extra.c:62:6: warning: conflicting types for 'excute'
 void excute(int direction)
      ^
../src/extra.c:51:4: note: previous implicit declaration of 'excute' was here
    excute(direction);
    ^
make: *** [src/extra.o] Error 1
14:48:32 **** Auto Build of configuration Debug for project Advanced_Taffic_light ****
make all 
make: Warning: File `src/subdir.mk' has modification time 0.014 s in the future
Building file: ../src/Interface.c
Invoking: MicroBlaze gcc compiler
mb-gcc -Wall -O0 -g3 -c -fmessage-length=0 -MT"src/Interface.o" -I../../Advanced_Taffic_light_bsp/microblaze_0/include -mlittle-endian -mcpu=v9.5 -mxl-soft-mul -Wl,--no-relax -MMD -MP -MF"src/Interface.d" -MT"src/Interface.d" -o "src/Interface.o" "../src/Interface.c"
Finished building: ../src/Interface.c
 
Building file: ../src/control.c
Invoking: MicroBlaze gcc compiler
mb-gcc -Wall -O0 -g3 -c -fmessage-length=0 -MT"src/control.o" -I../../Advanced_Taffic_light_bsp/microblaze_0/include -mlittle-endian -mcpu=v9.5 -mxl-soft-mul -Wl,--no-relax -MMD -MP -MF"src/control.d" -MT"src/control.d" -o "src/control.o" "../src/control.c"
Finished building: ../src/control.c
 
Building file: ../src/extra.c
Invoking: MicroBlaze gcc compiler
mb-gcc -Wall -O0 -g3 -c -fmessage-length=0 -MT"src/extra.o" -I../../Advanced_Taffic_light_bsp/microblaze_0/include -mlittle-endian -mcpu=v9.5 -mxl-soft-mul -Wl,--no-relax -MMD -MP -MF"src/extra.d" -MT"src/extra.d" -o "src/extra.o" "../src/extra.c"
../src/extra.c: In function 'DisplayCarByPosition':
../src/extra.c:26:2: warning: implicit declaration of function 'ButtonGet' [-Wimplicit-function-declaration]
  ButtonGet(u16 button, XGpio P_BTN, int direction)
  ^
../src/extra.c:26:12: error: expected expression before 'u16'
  ButtonGet(u16 button, XGpio P_BTN, int direction)
            ^
../src/extra.c:28:2: error: expected ';' before 'target_colour'
  target_colour = BLUE;
  ^
../src/extra.c: At top level:
../src/extra.c:36:6: warning: conflicting types for 'ButtonGet'
 void ButtonGet(u16 button, XGpio P_BTN, int direction)
      ^
../src/extra.c:26:2: note: previous implicit declaration of 'ButtonGet' was here
  ButtonGet(u16 button, XGpio P_BTN, int direction)
  ^
../src/extra.c: In function 'ButtonGet':
../src/extra.c:51:4: warning: implicit declaration of function 'excute' [-Wimplicit-function-declaration]
    excute(direction);
    ^
../src/extra.c: At top level:
../src/extra.c:62:6: warning: conflicting types for 'excute'
 void excute(int direction)
      ^
../src/extra.c:51:4: note: previous implicit declaration of 'excute' was here
    excute(direction);
    ^
make: *** [src/extra.o] Error 1
14:48:57 **** Auto Build of configuration Debug for project Advanced_Taffic_light ****
make all 
make: Warning: File `src/subdir.mk' has modification time 0.015 s in the future
Building file: ../src/extra.c
Invoking: MicroBlaze gcc compiler
mb-gcc -Wall -O0 -g3 -c -fmessage-length=0 -MT"src/extra.o" -I../../Advanced_Taffic_light_bsp/microblaze_0/include -mlittle-endian -mcpu=v9.5 -mxl-soft-mul -Wl,--no-relax -MMD -MP -MF"src/extra.d" -MT"src/extra.d" -o "src/extra.o" "../src/extra.c"
../src/extra.c: In function 'DisplayCarByPosition':
../src/extra.c:26:2: warning: implicit declaration of function 'ButtonGet' [-Wimplicit-function-declaration]
  ButtonGet(u16 button, XGpio P_BTN, int direction)
  ^
../src/extra.c:26:12: error: expected expression before 'u16'
  ButtonGet(u16 button, XGpio P_BTN, int direction)
            ^
../src/extra.c:28:2: error: expected ';' before 'target_colour'
  target_colour = BLUE;
  ^
../src/extra.c: At top level:
../src/extra.c:36:6: warning: conflicting types for 'ButtonGet'
 void ButtonGet(u16 button, XGpio P_BTN, int direction)
      ^
../src/extra.c:26:2: note: previous implicit declaration of 'ButtonGet' was here
  ButtonGet(u16 button, XGpio P_BTN, int direction)
  ^
../src/extra.c: In function 'ButtonGet':
../src/extra.c:51:4: warning: implicit declaration of function 'excute' [-Wimplicit-function-declaration]
    excute(direction);
    ^
../src/extra.c: At top level:
../src/extra.c:62:6: warning: conflicting types for 'excute'
 void excute(int direction)
      ^
../src/extra.c:51:4: note: previous implicit declaration of 'excute' was here
    excute(direction);
    ^
make: *** [src/extra.o] Error 1
14:50:00 **** Auto Build of configuration Debug for project Advanced_Taffic_light ****
make all 
make: Warning: File `src/subdir.mk' has modification time 0.014 s in the future
Building file: ../src/extra.c
Invoking: MicroBlaze gcc compiler
mb-gcc -Wall -O0 -g3 -c -fmessage-length=0 -MT"src/extra.o" -I../../Advanced_Taffic_light_bsp/microblaze_0/include -mlittle-endian -mcpu=v9.5 -mxl-soft-mul -Wl,--no-relax -MMD -MP -MF"src/extra.d" -MT"src/extra.d" -o "src/extra.o" "../src/extra.c"
../src/extra.c: In function 'DisplayCarByPosition':
../src/extra.c:27:2: warning: implicit declaration of function 'ButtonGet' [-Wimplicit-function-declaration]
  ButtonGet(BtnUpIn, P_BTN_UP, 1);
  ^
../src/extra.c: At top level:
../src/extra.c:37:6: warning: conflicting types for 'ButtonGet'
 void ButtonGet(u16 button, XGpio P_BTN, int direction)
      ^
../src/extra.c:27:2: note: previous implicit declaration of 'ButtonGet' was here
  ButtonGet(BtnUpIn, P_BTN_UP, 1);
  ^
../src/extra.c: In function 'ButtonGet':
../src/extra.c:52:4: warning: implicit declaration of function 'excute' [-Wimplicit-function-declaration]
    excute(direction);
    ^
../src/extra.c: At top level:
../src/extra.c:63:6: warning: conflicting types for 'excute'
 void excute(int direction)
      ^
../src/extra.c:52:4: note: previous implicit declaration of 'excute' was here
    excute(direction);
    ^
Finished building: ../src/extra.c
 
Building file: ../src/gpio_init.c
Invoking: MicroBlaze gcc compiler
mb-gcc -Wall -O0 -g3 -c -fmessage-length=0 -MT"src/gpio_init.o" -I../../Advanced_Taffic_light_bsp/microblaze_0/include -mlittle-endian -mcpu=v9.5 -mxl-soft-mul -Wl,--no-relax -MMD -MP -MF"src/gpio_init.d" -MT"src/gpio_init.d" -o "src/gpio_init.o" "../src/gpio_init.c"
../src/gpio_init.c: In function 'initGpio':
../src/gpio_init.c:147:29: error: 'BTNR' undeclared (first use in this function)
  status = XGpio_Initialize(&BTNR, 5);
                             ^
../src/gpio_init.c:147:29: note: each undeclared identifier is reported only once for each function it appears in
make: *** [src/gpio_init.o] Error 1
14:50:19 **** Auto Build of configuration Debug for project Advanced_Taffic_light ****
make all 
make: Warning: File `src/subdir.mk' has modification time 0.0094 s in the future
Building file: ../src/extra.c
Invoking: MicroBlaze gcc compiler
mb-gcc -Wall -O0 -g3 -c -fmessage-length=0 -MT"src/extra.o" -I../../Advanced_Taffic_light_bsp/microblaze_0/include -mlittle-endian -mcpu=v9.5 -mxl-soft-mul -Wl,--no-relax -MMD -MP -MF"src/extra.d" -MT"src/extra.d" -o "src/extra.o" "../src/extra.c"
../src/extra.c: In function 'DisplayCarByPosition':
../src/extra.c:27:2: warning: implicit declaration of function 'ButtonGet' [-Wimplicit-function-declaration]
  ButtonGet(BtnUpIn, P_BTN_UP, 1);
  ^
../src/extra.c: At top level:
../src/extra.c:38:6: warning: conflicting types for 'ButtonGet'
 void ButtonGet(u16 button, XGpio P_BTN, int direction)
      ^
../src/extra.c:27:2: note: previous implicit declaration of 'ButtonGet' was here
  ButtonGet(BtnUpIn, P_BTN_UP, 1);
  ^
../src/extra.c: In function 'ButtonGet':
../src/extra.c:53:4: warning: implicit declaration of function 'excute' [-Wimplicit-function-declaration]
    excute(direction);
    ^
../src/extra.c: At top level:
../src/extra.c:64:6: warning: conflicting types for 'excute'
 void excute(int direction)
      ^
../src/extra.c:53:4: note: previous implicit declaration of 'excute' was here
    excute(direction);
    ^
Finished building: ../src/extra.c
 
Building file: ../src/gpio_init.c
Invoking: MicroBlaze gcc compiler
mb-gcc -Wall -O0 -g3 -c -fmessage-length=0 -MT"src/gpio_init.o" -I../../Advanced_Taffic_light_bsp/microblaze_0/include -mlittle-endian -mcpu=v9.5 -mxl-soft-mul -Wl,--no-relax -MMD -MP -MF"src/gpio_init.d" -MT"src/gpio_init.d" -o "src/gpio_init.o" "../src/gpio_init.c"
../src/gpio_init.c: In function 'initGpio':
../src/gpio_init.c:147:29: error: 'BTNR' undeclared (first use in this function)
  status = XGpio_Initialize(&BTNR, 5);
                             ^
../src/gpio_init.c:147:29: note: each undeclared identifier is reported only once for each function it appears in
make: *** [src/gpio_init.o] Error 1
14:50:44 **** Auto Build of configuration Debug for project Advanced_Taffic_light ****
make all 
make: Warning: File `src/subdir.mk' has modification time 0.016 s in the future
Building file: ../src/Interface.c
Invoking: MicroBlaze gcc compiler
mb-gcc -Wall -O0 -g3 -c -fmessage-length=0 -MT"src/Interface.o" -I../../Advanced_Taffic_light_bsp/microblaze_0/include -mlittle-endian -mcpu=v9.5 -mxl-soft-mul -Wl,--no-relax -MMD -MP -MF"src/Interface.d" -MT"src/Interface.d" -o "src/Interface.o" "../src/Interface.c"
Finished building: ../src/Interface.c
 
Building file: ../src/control.c
Invoking: MicroBlaze gcc compiler
mb-gcc -Wall -O0 -g3 -c -fmessage-length=0 -MT"src/control.o" -I../../Advanced_Taffic_light_bsp/microblaze_0/include -mlittle-endian -mcpu=v9.5 -mxl-soft-mul -Wl,--no-relax -MMD -MP -MF"src/control.d" -MT"src/control.d" -o "src/control.o" "../src/control.c"
Finished building: ../src/control.c
 
Building file: ../src/extra.c
Invoking: MicroBlaze gcc compiler
mb-gcc -Wall -O0 -g3 -c -fmessage-length=0 -MT"src/extra.o" -I../../Advanced_Taffic_light_bsp/microblaze_0/include -mlittle-endian -mcpu=v9.5 -mxl-soft-mul -Wl,--no-relax -MMD -MP -MF"src/extra.d" -MT"src/extra.d" -o "src/extra.o" "../src/extra.c"
../src/extra.c: In function 'DisplayCarByPosition':
../src/extra.c:27:2: warning: implicit declaration of function 'ButtonGet' [-Wimplicit-function-declaration]
  ButtonGet(BtnUpIn, P_BTN_UP, 1);
  ^
../src/extra.c: At top level:
../src/extra.c:38:6: warning: conflicting types for 'ButtonGet'
 void ButtonGet(u16 button, XGpio P_BTN, int direction)
      ^
../src/extra.c:27:2: note: previous implicit declaration of 'ButtonGet' was here
  ButtonGet(BtnUpIn, P_BTN_UP, 1);
  ^
../src/extra.c: In function 'ButtonGet':
../src/extra.c:53:4: warning: implicit declaration of function 'excute' [-Wimplicit-function-declaration]
    excute(direction);
    ^
../src/extra.c: At top level:
../src/extra.c:64:6: warning: conflicting types for 'excute'
 void excute(int direction)
      ^
../src/extra.c:53:4: note: previous implicit declaration of 'excute' was here
    excute(direction);
    ^
Finished building: ../src/extra.c
 
Building file: ../src/gpio_init.c
Invoking: MicroBlaze gcc compiler
mb-gcc -Wall -O0 -g3 -c -fmessage-length=0 -MT"src/gpio_init.o" -I../../Advanced_Taffic_light_bsp/microblaze_0/include -mlittle-endian -mcpu=v9.5 -mxl-soft-mul -Wl,--no-relax -MMD -MP -MF"src/gpio_init.d" -MT"src/gpio_init.d" -o "src/gpio_init.o" "../src/gpio_init.c"
../src/gpio_init.c: In function 'initGpio':
../src/gpio_init.c:147:29: error: 'BTNR' undeclared (first use in this function)
  status = XGpio_Initialize(&BTNR, 5);
                             ^
../src/gpio_init.c:147:29: note: each undeclared identifier is reported only once for each function it appears in
make: *** [src/gpio_init.o] Error 1
14:50:51 **** Auto Build of configuration Debug for project Advanced_Taffic_light ****
make all 
make: Warning: File `src/subdir.mk' has modification time 0.016 s in the future
Building file: ../src/gpio_init.c
Invoking: MicroBlaze gcc compiler
mb-gcc -Wall -O0 -g3 -c -fmessage-length=0 -MT"src/gpio_init.o" -I../../Advanced_Taffic_light_bsp/microblaze_0/include -mlittle-endian -mcpu=v9.5 -mxl-soft-mul -Wl,--no-relax -MMD -MP -MF"src/gpio_init.d" -MT"src/gpio_init.d" -o "src/gpio_init.o" "../src/gpio_init.c"
../src/gpio_init.c: In function 'initGpio':
../src/gpio_init.c:17:5: warning: 'status' is used uninitialized in this function [-Wuninitialized]
  if (status != XST_SUCCESS)
     ^
Finished building: ../src/gpio_init.c
 
Building file: ../src/main.c
Invoking: MicroBlaze gcc compiler
mb-gcc -Wall -O0 -g3 -c -fmessage-length=0 -MT"src/main.o" -I../../Advanced_Taffic_light_bsp/microblaze_0/include -mlittle-endian -mcpu=v9.5 -mxl-soft-mul -Wl,--no-relax -MMD -MP -MF"src/main.d" -MT"src/main.d" -o "src/main.o" "../src/main.c"
Finished building: ../src/main.c
 
Building file: ../src/seg7_display.c
Invoking: MicroBlaze gcc compiler
mb-gcc -Wall -O0 -g3 -c -fmessage-length=0 -MT"src/seg7_display.o" -I../../Advanced_Taffic_light_bsp/microblaze_0/include -mlittle-endian -mcpu=v9.5 -mxl-soft-mul -Wl,--no-relax -MMD -MP -MF"src/seg7_display.d" -MT"src/seg7_display.d" -o "src/seg7_display.o" "../src/seg7_display.c"
Finished building: ../src/seg7_display.c
 
Building file: ../src/timer_interrupt_func.c
Invoking: MicroBlaze gcc compiler
mb-gcc -Wall -O0 -g3 -c -fmessage-length=0 -MT"src/timer_interrupt_func.o" -I../../Advanced_Taffic_light_bsp/microblaze_0/include -mlittle-endian -mcpu=v9.5 -mxl-soft-mul -Wl,--no-relax -MMD -MP -MF"src/timer_interrupt_func.d" -MT"src/timer_interrupt_func.d" -o "src/timer_interrupt_func.o" "../src/timer_interrupt_func.c"
Finished building: ../src/timer_interrupt_func.c
 
Building target: Advanced_Taffic_light.elf
Invoking: MicroBlaze gcc linker
mb-gcc -Wl,-T -Wl,../src/lscript.ld -L../../Advanced_Taffic_light_bsp/microblaze_0/lib -mlittle-endian -mcpu=v9.5 -mxl-soft-mul -Wl,--no-relax -o "Advanced_Taffic_light.elf"  ./src/Interface.o ./src/control.o ./src/extra.o ./src/gpio_init.o ./src/main.o ./src/platform.o ./src/seg7_display.o ./src/timer_interrupt_func.o ./src/xinterruptES3.o   -Wl,--start-group,-lxil,-lgcc,-lc,--end-group
Finished building target: Advanced_Taffic_light.elf
 
Invoking: MicroBlaze Print Size
mb-size Advanced_Taffic_light.elf  |tee "Advanced_Taffic_light.elf.size"
   text	   data	    bss	    dec	    hex	filename
  27260	    688	   2772	  30720	   7800	Advanced_Taffic_light.elf
Finished building: Advanced_Taffic_light.elf.size
 
make: warning:  Clock skew detected.  Your build may be incomplete.
14:52:25 **** Auto Build of configuration Debug for project Advanced_Taffic_light ****
make all 
make: Warning: File `src/subdir.mk' has modification time 0.014 s in the future
Building file: ../src/extra.c
Invoking: MicroBlaze gcc compiler
mb-gcc -Wall -O0 -g3 -c -fmessage-length=0 -MT"src/extra.o" -I../../Advanced_Taffic_light_bsp/microblaze_0/include -mlittle-endian -mcpu=v9.5 -mxl-soft-mul -Wl,--no-relax -MMD -MP -MF"src/extra.d" -MT"src/extra.d" -o "src/extra.o" "../src/extra.c"
../src/extra.c: In function 'DisplayCarByPosition':
../src/extra.c:27:2: warning: implicit declaration of function 'ButtonGet' [-Wimplicit-function-declaration]
  ButtonGet(BtnUpIn, P_BTN_UP, 1);
  ^
../src/extra.c: At top level:
../src/extra.c:38:6: warning: conflicting types for 'ButtonGet'
 void ButtonGet(u16 button, XGpio P_BTN, int direction)
      ^
../src/extra.c:27:2: note: previous implicit declaration of 'ButtonGet' was here
  ButtonGet(BtnUpIn, P_BTN_UP, 1);
  ^
../src/extra.c: In function 'ButtonGet':
../src/extra.c:53:4: warning: implicit declaration of function 'excute' [-Wimplicit-function-declaration]
    excute(button,P_BTN,direction);
    ^
../src/extra.c: At top level:
../src/extra.c:64:6: warning: conflicting types for 'excute'
 void excute(int direction)
      ^
../src/extra.c:53:4: note: previous implicit declaration of 'excute' was here
    excute(button,P_BTN,direction);
    ^
Finished building: ../src/extra.c
 
Building target: Advanced_Taffic_light.elf
Invoking: MicroBlaze gcc linker
mb-gcc -Wl,-T -Wl,../src/lscript.ld -L../../Advanced_Taffic_light_bsp/microblaze_0/lib -mlittle-endian -mcpu=v9.5 -mxl-soft-mul -Wl,--no-relax -o "Advanced_Taffic_light.elf"  ./src/Interface.o ./src/control.o ./src/extra.o ./src/gpio_init.o ./src/main.o ./src/platform.o ./src/seg7_display.o ./src/timer_interrupt_func.o ./src/xinterruptES3.o   -Wl,--start-group,-lxil,-lgcc,-lc,--end-group
Finished building target: Advanced_Taffic_light.elf
 
Invoking: MicroBlaze Print Size
mb-size Advanced_Taffic_light.elf  |tee "Advanced_Taffic_light.elf.size"
   text	   data	    bss	    dec	    hex	filename
  27284	    688	   2772	  30744	   7818	Advanced_Taffic_light.elf
Finished building: Advanced_Taffic_light.elf.size
 
make: warning:  Clock skew detected.  Your build may be incomplete.
14:52:36 **** Auto Build of configuration Debug for project Advanced_Taffic_light ****
make all 
make: Warning: File `src/subdir.mk' has modification time 0.015 s in the future
Building file: ../src/extra.c
Invoking: MicroBlaze gcc compiler
mb-gcc -Wall -O0 -g3 -c -fmessage-length=0 -MT"src/extra.o" -I../../Advanced_Taffic_light_bsp/microblaze_0/include -mlittle-endian -mcpu=v9.5 -mxl-soft-mul -Wl,--no-relax -MMD -MP -MF"src/extra.d" -MT"src/extra.d" -o "src/extra.o" "../src/extra.c"
../src/extra.c: In function 'DisplayCarByPosition':
../src/extra.c:27:2: warning: implicit declaration of function 'ButtonGet' [-Wimplicit-function-declaration]
  ButtonGet(BtnUpIn, P_BTN_UP, 1);
  ^
../src/extra.c: At top level:
../src/extra.c:38:6: warning: conflicting types for 'ButtonGet'
 void ButtonGet(u16 button, XGpio P_BTN, int direction)
      ^
../src/extra.c:27:2: note: previous implicit declaration of 'ButtonGet' was here
  ButtonGet(BtnUpIn, P_BTN_UP, 1);
  ^
../src/extra.c: In function 'ButtonGet':
../src/extra.c:53:4: warning: implicit declaration of function 'excute' [-Wimplicit-function-declaration]
    excute(button,P_BTN,direction);
    ^
../src/extra.c: At top level:
../src/extra.c:64:6: warning: conflicting types for 'excute'
 void excute(u16 button, XGpio P_BTN, int direction)
      ^
../src/extra.c:53:4: note: previous implicit declaration of 'excute' was here
    excute(button,P_BTN,direction);
[...]
Finished building target: Advanced_Taffic_light.elf
 
Invoking: MicroBlaze Print Size
mb-size Advanced_Taffic_light.elf  |tee "Advanced_Taffic_light.elf.size"
   text	   data	    bss	    dec	    hex	filename
  37624	    696	   2824	  41144	   a0b8	Advanced_Taffic_light.elf
Finished building: Advanced_Taffic_light.elf.size
 
15:10:17 **** Incremental Build of configuration Debug for project Advanced_Taffic_light ****
make all 
make: Nothing to be done for `all'.
15:12:33 **** Auto Build of configuration Debug for project Advanced_Taffic_light ****
make all 
Building file: ../src/main.c
Invoking: MicroBlaze gcc compiler
mb-gcc -Wall -O0 -g3 -c -fmessage-length=0 -MT"src/main.o" -I../../Advanced_Taffic_light_bsp/microblaze_0/include -mlittle-endian -mcpu=v9.5 -mxl-soft-mul -Wl,--no-relax -MMD -MP -MF"src/main.d" -MT"src/main.d" -o "src/main.o" "../src/main.c"
../src/main.c: In function 'main':
../src/main.c:104:9: warning: unused variable 'pushBtnLeftIn' [-Wunused-variable]
     int pushBtnLeftIn;
         ^
Finished building: ../src/main.c
 
Building target: Advanced_Taffic_light.elf
Invoking: MicroBlaze gcc linker
mb-gcc -Wl,-T -Wl,../src/lscript.ld -L../../Advanced_Taffic_light_bsp/microblaze_0/lib -mlittle-endian -mcpu=v9.5 -mxl-soft-mul -Wl,--no-relax -o "Advanced_Taffic_light.elf"  ./src/Interface.o ./src/control.o ./src/extra.o ./src/gpio_init.o ./src/main.o ./src/platform.o ./src/seg7_display.o ./src/timer_interrupt_func.o ./src/xinterruptES3.o   -Wl,--start-group,-lxil,-lgcc,-lc,--end-group
Finished building target: Advanced_Taffic_light.elf
 
Invoking: MicroBlaze Print Size
mb-size Advanced_Taffic_light.elf  |tee "Advanced_Taffic_light.elf.size"
   text	   data	    bss	    dec	    hex	filename
  37624	    696	   2824	  41144	   a0b8	Advanced_Taffic_light.elf
Finished building: Advanced_Taffic_light.elf.size
 
15:12:53 **** Auto Build of configuration Debug for project Advanced_Taffic_light ****
make all 
Building file: ../src/main.c
Invoking: MicroBlaze gcc compiler
mb-gcc -Wall -O0 -g3 -c -fmessage-length=0 -MT"src/main.o" -I../../Advanced_Taffic_light_bsp/microblaze_0/include -mlittle-endian -mcpu=v9.5 -mxl-soft-mul -Wl,--no-relax -MMD -MP -MF"src/main.d" -MT"src/main.d" -o "src/main.o" "../src/main.c"
Finished building: ../src/main.c
 
Building target: Advanced_Taffic_light.elf
Invoking: MicroBlaze gcc linker
mb-gcc -Wl,-T -Wl,../src/lscript.ld -L../../Advanced_Taffic_light_bsp/microblaze_0/lib -mlittle-endian -mcpu=v9.5 -mxl-soft-mul -Wl,--no-relax -o "Advanced_Taffic_light.elf"  ./src/Interface.o ./src/control.o ./src/extra.o ./src/gpio_init.o ./src/main.o ./src/platform.o ./src/seg7_display.o ./src/timer_interrupt_func.o ./src/xinterruptES3.o   -Wl,--start-group,-lxil,-lgcc,-lc,--end-group
Finished building target: Advanced_Taffic_light.elf
 
Invoking: MicroBlaze Print Size
mb-size Advanced_Taffic_light.elf  |tee "Advanced_Taffic_light.elf.size"
   text	   data	    bss	    dec	    hex	filename
  37624	    696	   2824	  41144	   a0b8	Advanced_Taffic_light.elf
Finished building: Advanced_Taffic_light.elf.size
 
15:15:05 **** Incremental Build of configuration Debug for project Advanced_Taffic_light ****
make all 
make: Nothing to be done for `all'.
19:55:22 **** Auto Build of configuration Debug for project Advanced_Taffic_light ****
make all 
Building file: ../src/extra.c
Invoking: MicroBlaze gcc compiler
mb-gcc -Wall -O0 -g3 -c -fmessage-length=0 -MT"src/extra.o" -I../../Advanced_Taffic_light_bsp/microblaze_0/include -mlittle-endian -mcpu=v9.5 -mxl-soft-mul -Wl,--no-relax -MMD -MP -MF"src/extra.d" -MT"src/extra.d" -o "src/extra.o" "../src/extra.c"
Finished building: ../src/extra.c
 
Building file: ../src/main.c
Invoking: MicroBlaze gcc compiler
mb-gcc -Wall -O0 -g3 -c -fmessage-length=0 -MT"src/main.o" -I../../Advanced_Taffic_light_bsp/microblaze_0/include -mlittle-endian -mcpu=v9.5 -mxl-soft-mul -Wl,--no-relax -MMD -MP -MF"src/main.d" -MT"src/main.d" -o "src/main.o" "../src/main.c"
Finished building: ../src/main.c
 
Building file: ../src/timer_interrupt_func.c
Invoking: MicroBlaze gcc compiler
mb-gcc -Wall -O0 -g3 -c -fmessage-length=0 -MT"src/timer_interrupt_func.o" -I../../Advanced_Taffic_light_bsp/microblaze_0/include -mlittle-endian -mcpu=v9.5 -mxl-soft-mul -Wl,--no-relax -MMD -MP -MF"src/timer_interrupt_func.d" -MT"src/timer_interrupt_func.d" -o "src/timer_interrupt_func.o" "../src/timer_interrupt_func.c"
Finished building: ../src/timer_interrupt_func.c
 
Building target: Advanced_Taffic_light.elf
Invoking: MicroBlaze gcc linker
mb-gcc -Wl,-T -Wl,../src/lscript.ld -L../../Advanced_Taffic_light_bsp/microblaze_0/lib -mlittle-endian -mcpu=v9.5 -mxl-soft-mul -Wl,--no-relax -o "Advanced_Taffic_light.elf"  ./src/Interface.o ./src/control.o ./src/extra.o ./src/gpio_init.o ./src/main.o ./src/platform.o ./src/seg7_display.o ./src/timer_interrupt_func.o ./src/xinterruptES3.o   -Wl,--start-group,-lxil,-lgcc,-lc,--end-group
Finished building target: Advanced_Taffic_light.elf
 
Invoking: MicroBlaze Print Size
mb-size Advanced_Taffic_light.elf  |tee "Advanced_Taffic_light.elf.size"
   text	   data	    bss	    dec	    hex	filename
  37624	    696	   2824	  41144	   a0b8	Advanced_Taffic_light.elf
Finished building: Advanced_Taffic_light.elf.size
 
23:39:33 **** Incremental Build of configuration Debug for project Advanced_Taffic_light ****
make all 
make: Nothing to be done for `all'.
23:39:43 **** Incremental Build of configuration Debug for project Advanced_Taffic_light ****
make all 
make: Nothing to be done for `all'.
23:39:48 **** Incremental Build of configuration Debug for project Advanced_Taffic_light ****
make all 
make: Nothing to be done for `all'.
14:18:48 **** Incremental Build of configuration Debug for project Advanced_Taffic_light ****
make all 
make: Nothing to be done for `all'.
14:19:20 **** Incremental Build of configuration Debug for project Advanced_Taffic_light ****
make all 
make: Nothing to be done for `all'.
14:22:42 **** Auto Build of configuration Debug for project Advanced_Taffic_light ****
make all 
Building file: ../src/control.c
Invoking: MicroBlaze gcc compiler
mb-gcc -Wall -O0 -g3 -c -fmessage-length=0 -MT"src/control.o" -I../../Advanced_Taffic_light_bsp/microblaze_0/include -mlittle-endian -mcpu=v9.5 -mxl-soft-mul -Wl,--no-relax -MMD -MP -MF"src/control.d" -MT"src/control.d" -o "src/control.o" "../src/control.c"
Finished building: ../src/control.c
 
Building target: Advanced_Taffic_light.elf
Invoking: MicroBlaze gcc linker
mb-gcc -Wl,-T -Wl,../src/lscript.ld -L../../Advanced_Taffic_light_bsp/microblaze_0/lib -mlittle-endian -mcpu=v9.5 -mxl-soft-mul -Wl,--no-relax -o "Advanced_Taffic_light.elf"  ./src/Interface.o ./src/control.o ./src/extra.o ./src/gpio_init.o ./src/main.o ./src/platform.o ./src/seg7_display.o ./src/timer_interrupt_func.o ./src/xinterruptES3.o   -Wl,--start-group,-lxil,-lgcc,-lc,--end-group
./src/main.o: In function `main':
/home/s1678924/Desktop/software3/Assessment_2_Traffic_Light_Ad5.0/es3_hw_assmnt_2/es3_hw_assmnt_2.sdk/Advanced_Taffic_light/Debug/../src/main.c:131: undefined reference to `Switch'
collect2: error: ld returned 1 exit status
make: *** [Advanced_Taffic_light.elf] Error 1
14:23:33 **** Auto Build of configuration Debug for project Advanced_Taffic_light ****
make all 
Building file: ../src/control.c
Invoking: MicroBlaze gcc compiler
mb-gcc -Wall -O0 -g3 -c -fmessage-length=0 -MT"src/control.o" -I../../Advanced_Taffic_light_bsp/microblaze_0/include -mlittle-endian -mcpu=v9.5 -mxl-soft-mul -Wl,--no-relax -MMD -MP -MF"src/control.d" -MT"src/control.d" -o "src/control.o" "../src/control.c"
Finished building: ../src/control.c
 
Building target: Advanced_Taffic_light.elf
Invoking: MicroBlaze gcc linker
mb-gcc -Wl,-T -Wl,../src/lscript.ld -L../../Advanced_Taffic_light_bsp/microblaze_0/lib -mlittle-endian -mcpu=v9.5 -mxl-soft-mul -Wl,--no-relax -o "Advanced_Taffic_light.elf"  ./src/Interface.o ./src/control.o ./src/extra.o ./src/gpio_init.o ./src/main.o ./src/platform.o ./src/seg7_display.o ./src/timer_interrupt_func.o ./src/xinterruptES3.o   -Wl,--start-group,-lxil,-lgcc,-lc,--end-group
Finished building target: Advanced_Taffic_light.elf
 
Invoking: MicroBlaze Print Size
mb-size Advanced_Taffic_light.elf  |tee "Advanced_Taffic_light.elf.size"
   text	   data	    bss	    dec	    hex	filename
  37624	    696	   2824	  41144	   a0b8	Advanced_Taffic_light.elf
Finished building: Advanced_Taffic_light.elf.size
 
14:24:39 **** Auto Build of configuration Debug for project Advanced_Taffic_light ****
make all 
Building file: ../src/Interface.c
Invoking: MicroBlaze gcc compiler
mb-gcc -Wall -O0 -g3 -c -fmessage-length=0 -MT"src/Interface.o" -I../../Advanced_Taffic_light_bsp/microblaze_0/include -mlittle-endian -mcpu=v9.5 -mxl-soft-mul -Wl,--no-relax -MMD -MP -MF"src/Interface.d" -MT"src/Interface.d" -o "src/Interface.o" "../src/Interface.c"
Finished building: ../src/Interface.c
 
Building file: ../src/control.c
Invoking: MicroBlaze gcc compiler
mb-gcc -Wall -O0 -g3 -c -fmessage-length=0 -MT"src/control.o" -I../../Advanced_Taffic_light_bsp/microblaze_0/include -mlittle-endian -mcpu=v9.5 -mxl-soft-mul -Wl,--no-relax -MMD -MP -MF"src/control.d" -MT"src/control.d" -o "src/control.o" "../src/control.c"
Finished building: ../src/control.c
 
Building file: ../src/extra.c
Invoking: MicroBlaze gcc compiler
mb-gcc -Wall -O0 -g3 -c -fmessage-length=0 -MT"src/extra.o" -I../../Advanced_Taffic_light_bsp/microblaze_0/include -mlittle-endian -mcpu=v9.5 -mxl-soft-mul -Wl,--no-relax -MMD -MP -MF"src/extra.d" -MT"src/extra.d" -o "src/extra.o" "../src/extra.c"
Finished building: ../src/extra.c
 
Building file: ../src/main.c
Invoking: MicroBlaze gcc compiler
mb-gcc -Wall -O0 -g3 -c -fmessage-length=0 -MT"src/main.o" -I../../Advanced_Taffic_light_bsp/microblaze_0/include -mlittle-endian -mcpu=v9.5 -mxl-soft-mul -Wl,--no-relax -MMD -MP -MF"src/main.d" -MT"src/main.d" -o "src/main.o" "../src/main.c"
Finished building: ../src/main.c
 
Building file: ../src/seg7_display.c
Invoking: MicroBlaze gcc compiler
mb-gcc -Wall -O0 -g3 -c -fmessage-length=0 -MT"src/seg7_display.o" -I../../Advanced_Taffic_light_bsp/microblaze_0/include -mlittle-endian -mcpu=v9.5 -mxl-soft-mul -Wl,--no-relax -MMD -MP -MF"src/seg7_display.d" -MT"src/seg7_display.d" -o "src/seg7_display.o" "../src/seg7_display.c"
Finished building: ../src/seg7_display.c
 
Building file: ../src/timer_interrupt_func.c
Invoking: MicroBlaze gcc compiler
mb-gcc -Wall -O0 -g3 -c -fmessage-length=0 -MT"src/timer_interrupt_func.o" -I../../Advanced_Taffic_light_bsp/microblaze_0/include -mlittle-endian -mcpu=v9.5 -mxl-soft-mul -Wl,--no-relax -MMD -MP -MF"src/timer_interrupt_func.d" -MT"src/timer_interrupt_func.d" -o "src/timer_interrupt_func.o" "../src/timer_interrupt_func.c"
Finished building: ../src/timer_interrupt_func.c
 
Building target: Advanced_Taffic_light.elf
Invoking: MicroBlaze gcc linker
mb-gcc -Wl,-T -Wl,../src/lscript.ld -L../../Advanced_Taffic_light_bsp/microblaze_0/lib -mlittle-endian -mcpu=v9.5 -mxl-soft-mul -Wl,--no-relax -o "Advanced_Taffic_light.elf"  ./src/Interface.o ./src/control.o ./src/extra.o ./src/gpio_init.o ./src/main.o ./src/platform.o ./src/seg7_display.o ./src/timer_interrupt_func.o ./src/xinterruptES3.o   -Wl,--start-group,-lxil,-lgcc,-lc,--end-group
Finished building target: Advanced_Taffic_light.elf
 
Invoking: MicroBlaze Print Size
mb-size Advanced_Taffic_light.elf  |tee "Advanced_Taffic_light.elf.size"
   text	   data	    bss	    dec	    hex	filename
  37624	    696	   2824	  41144	   a0b8	Advanced_Taffic_light.elf
Finished building: Advanced_Taffic_light.elf.size
 
14:26:31 **** Auto Build of configuration Debug for project Advanced_Taffic_light ****
make all 
Building file: ../src/Interface.c
Invoking: MicroBlaze gcc compiler
mb-gcc -Wall -O0 -g3 -c -fmessage-length=0 -MT"src/Interface.o" -I../../Advanced_Taffic_light_bsp/microblaze_0/include -mlittle-endian -mcpu=v9.5 -mxl-soft-mul -Wl,--no-relax -MMD -MP -MF"src/Interface.d" -MT"src/Interface.d" -o "src/Interface.o" "../src/Interface.c"
Finished building: ../src/Interface.c
 
Building file: ../src/control.c
Invoking: MicroBlaze gcc compiler
mb-gcc -Wall -O0 -g3 -c -fmessage-length=0 -MT"src/control.o" -I../../Advanced_Taffic_light_bsp/microblaze_0/include -mlittle-endian -mcpu=v9.5 -mxl-soft-mul -Wl,--no-relax -MMD -MP -MF"src/control.d" -MT"src/control.d" -o "src/control.o" "../src/control.c"
Finished building: ../src/control.c
 
Building file: ../src/extra.c
Invoking: MicroBlaze gcc compiler
mb-gcc -Wall -O0 -g3 -c -fmessage-length=0 -MT"src/extra.o" -I../../Advanced_Taffic_light_bsp/microblaze_0/include -mlittle-endian -mcpu=v9.5 -mxl-soft-mul -Wl,--no-relax -MMD -MP -MF"src/extra.d" -MT"src/extra.d" -o "src/extra.o" "../src/extra.c"
Finished building: ../src/extra.c
 
Building file: ../src/gpio_init.c
Invoking: MicroBlaze gcc compiler
mb-gcc -Wall -O0 -g3 -c -fmessage-length=0 -MT"src/gpio_init.o" -I../../Advanced_Taffic_light_bsp/microblaze_0/include -mlittle-endian -mcpu=v9.5 -mxl-soft-mul -Wl,--no-relax -MMD -MP -MF"src/gpio_init.d" -MT"src/gpio_init.d" -o "src/gpio_init.o" "../src/gpio_init.c"
../src/gpio_init.c: In function 'initGpio':
../src/gpio_init.c:17:5: warning: 'status' is used uninitialized in this function [-Wuninitialized]
  if (status != XST_SUCCESS)
     ^
Finished building: ../src/gpio_init.c
 
Building file: ../src/main.c
Invoking: MicroBlaze gcc compiler
mb-gcc -Wall -O0 -g3 -c -fmessage-length=0 -MT"src/main.o" -I../../Advanced_Taffic_light_bsp/microblaze_0/include -mlittle-endian -mcpu=v9.5 -mxl-soft-mul -Wl,--no-relax -MMD -MP -MF"src/main.d" -MT"src/main.d" -o "src/main.o" "../src/main.c"
Finished building: ../src/main.c
 
Building file: ../src/seg7_display.c
Invoking: MicroBlaze gcc compiler
mb-gcc -Wall -O0 -g3 -c -fmessage-length=0 -MT"src/seg7_display.o" -I../../Advanced_Taffic_light_bsp/microblaze_0/include -mlittle-endian -mcpu=v9.5 -mxl-soft-mul -Wl,--no-relax -MMD -MP -MF"src/seg7_display.d" -MT"src/seg7_display.d" -o "src/seg7_display.o" "../src/seg7_display.c"
Finished building: ../src/seg7_display.c
 
Building file: ../src/timer_interrupt_func.c
Invoking: MicroBlaze gcc compiler
mb-gcc -Wall -O0 -g3 -c -fmessage-length=0 -MT"src/timer_interrupt_func.o" -I../../Advanced_Taffic_light_bsp/microblaze_0/include -mlittle-endian -mcpu=v9.5 -mxl-soft-mul -Wl,--no-relax -MMD -MP -MF"src/timer_interrupt_func.d" -MT"src/timer_interrupt_func.d" -o "src/timer_interrupt_func.o" "../src/timer_interrupt_func.c"
Finished building: ../src/timer_interrupt_func.c
 
Building target: Advanced_Taffic_light.elf
Invoking: MicroBlaze gcc linker
mb-gcc -Wl,-T -Wl,../src/lscript.ld -L../../Advanced_Taffic_light_bsp/microblaze_0/lib -mlittle-endian -mcpu=v9.5 -mxl-soft-mul -Wl,--no-relax -o "Advanced_Taffic_light.elf"  ./src/Interface.o ./src/control.o ./src/extra.o ./src/gpio_init.o ./src/main.o ./src/platform.o ./src/seg7_display.o ./src/timer_interrupt_func.o ./src/xinterruptES3.o   -Wl,--start-group,-lxil,-lgcc,-lc,--end-group
Finished building target: Advanced_Taffic_light.elf
 
Invoking: MicroBlaze Print Size
mb-size Advanced_Taffic_light.elf  |tee "Advanced_Taffic_light.elf.size"
   text	   data	    bss	    dec	    hex	filename
  37624	    696	   2824	  41144	   a0b8	Advanced_Taffic_light.elf
Finished building: Advanced_Taffic_light.elf.size
 
14:35:20 **** Auto Build of configuration Debug for project Advanced_Taffic_light ****
make all 
Building file: ../src/seg7_display.c
Invoking: MicroBlaze gcc compiler
mb-gcc -Wall -O0 -g3 -c -fmessage-length=0 -MT"src/seg7_display.o" -I../../Advanced_Taffic_light_bsp/microblaze_0/include -mlittle-endian -mcpu=v9.5 -mxl-soft-mul -Wl,--no-relax -MMD -MP -MF"src/seg7_display.d" -MT"src/seg7_display.d" -o "src/seg7_display.o" "../src/seg7_display.c"
Finished building: ../src/seg7_display.c
 
Building target: Advanced_Taffic_light.elf
Invoking: MicroBlaze gcc linker
mb-gcc -Wl,-T -Wl,../src/lscript.ld -L../../Advanced_Taffic_light_bsp/microblaze_0/lib -mlittle-endian -mcpu=v9.5 -mxl-soft-mul -Wl,--no-relax -o "Advanced_Taffic_light.elf"  ./src/Interface.o ./src/control.o ./src/extra.o ./src/gpio_init.o ./src/main.o ./src/platform.o ./src/seg7_display.o ./src/timer_interrupt_func.o ./src/xinterruptES3.o   -Wl,--start-group,-lxil,-lgcc,-lc,--end-group
Finished building target: Advanced_Taffic_light.elf
 
Invoking: MicroBlaze Print Size
mb-size Advanced_Taffic_light.elf  |tee "Advanced_Taffic_light.elf.size"
   text	   data	    bss	    dec	    hex	filename
  37624	    696	   2824	  41144	   a0b8	Advanced_Taffic_light.elf
Finished building: Advanced_Taffic_light.elf.size
 
14:36:37 **** Auto Build of configuration Debug for project Advanced_Taffic_light ****
make all 
Building file: ../src/timer_interrupt_func.c
Invoking: MicroBlaze gcc compiler
mb-gcc -Wall -O0 -g3 -c -fmessage-length=0 -MT"src/timer_interrupt_func.o" -I../../Advanced_Taffic_light_bsp/microblaze_0/include -mlittle-endian -mcpu=v9.5 -mxl-soft-mul -Wl,--no-relax -MMD -MP -MF"src/timer_interrupt_func.d" -MT"src/timer_interrupt_func.d" -o "src/timer_interrupt_func.o" "../src/timer_interrupt_func.c"
Finished building: ../src/timer_interrupt_func.c
 
Building target: Advanced_Taffic_light.elf
Invoking: MicroBlaze gcc linker
mb-gcc -Wl,-T -Wl,../src/lscript.ld -L../../Advanced_Taffic_light_bsp/microblaze_0/lib -mlittle-endian -mcpu=v9.5 -mxl-soft-mul -Wl,--no-relax -o "Advanced_Taffic_light.elf"  ./src/Interface.o ./src/control.o ./src/extra.o ./src/gpio_init.o ./src/main.o ./src/platform.o ./src/seg7_display.o ./src/timer_interrupt_func.o ./src/xinterruptES3.o   -Wl,--start-group,-lxil,-lgcc,-lc,--end-group
Finished building target: Advanced_Taffic_light.elf
 
Invoking: MicroBlaze Print Size
mb-size Advanced_Taffic_light.elf  |tee "Advanced_Taffic_light.elf.size"
   text	   data	    bss	    dec	    hex	filename
  37624	    696	   2824	  41144	   a0b8	Advanced_Taffic_light.elf
Finished building: Advanced_Taffic_light.elf.size
 
14:37:17 **** Incremental Build of configuration Debug for project Advanced_Taffic_light ****
make all 
make: Nothing to be done for `all'.
14:40:56 **** Incremental Build of configuration Debug for project Advanced_Taffic_light ****
make all 
make: Nothing to be done for `all'.
14:41:17 **** Incremental Build of configuration Debug for project Advanced_Taffic_light ****
make all 
make: Nothing to be done for `all'.
14:43:02 **** Incremental Build of configuration Debug for project Advanced_Taffic_light ****
make all 
make: Nothing to be done for `all'.
14:43:06 **** Incremental Build of configuration Debug for project Advanced_Taffic_light ****
make all 
make: Nothing to be done for `all'.
14:43:09 **** Incremental Build of configuration Debug for project Advanced_Taffic_light ****
make all 
make: Nothing to be done for `all'.
14:43:17 **** Incremental Build of configuration Debug for project Advanced_Taffic_light ****
make all 
make: Nothing to be done for `all'.
14:43:27 **** Incremental Build of configuration Debug for project Advanced_Taffic_light ****
make all 
make: Nothing to be done for `all'.
14:46:22 **** Incremental Build of configuration Debug for project Advanced_Taffic_light ****
make all 
make: Nothing to be done for `all'.
14:46:34 **** Incremental Build of configuration Debug for project Advanced_Taffic_light ****
make all 
make: Nothing to be done for `all'.
14:46:53 **** Incremental Build of configuration Debug for project Advanced_Taffic_light ****
make all 
make: Nothing to be done for `all'.
14:48:49 **** Incremental Build of configuration Debug for project Advanced_Taffic_light ****
make all 
make: Nothing to be done for `all'.
14:48:59 **** Incremental Build of configuration Debug for project Advanced_Taffic_light ****
make all 
make: Nothing to be done for `all'.
14:49:06 **** Incremental Build of configuration Debug for project Advanced_Taffic_light ****
make all 
make: Nothing to be done for `all'.
